Component: ARM Compiler 5.06 update 6 (build 750) Tool: armlink [4d35ed]

==============================================================================

Section Cross References

    startup_stm32f10x_md.o(RESET) refers to startup_stm32f10x_md.o(STACK) for __initial_sp
    startup_stm32f10x_md.o(RESET) refers to startup_stm32f10x_md.o(.text) for Reset_Handler
    startup_stm32f10x_md.o(RESET) refers to stm32f10x_it.o(i.NMI_Handler) for NMI_Handler
    startup_stm32f10x_md.o(RESET) refers to stm32f10x_it.o(i.HardFault_Handler) for HardFault_Handler
    startup_stm32f10x_md.o(RESET) refers to stm32f10x_it.o(i.MemManage_Handler) for MemManage_Handler
    startup_stm32f10x_md.o(RESET) refers to stm32f10x_it.o(i.BusFault_Handler) for BusFault_Handler
    startup_stm32f10x_md.o(RESET) refers to stm32f10x_it.o(i.UsageFault_Handler) for UsageFault_Handler
    startup_stm32f10x_md.o(RESET) refers to stm32f10x_it.o(i.SVC_Handler) for SVC_Handler
    startup_stm32f10x_md.o(RESET) refers to stm32f10x_it.o(i.DebugMon_Handler) for DebugMon_Handler
    startup_stm32f10x_md.o(RESET) refers to stm32f10x_it.o(i.PendSV_Handler) for PendSV_Handler
    startup_stm32f10x_md.o(RESET) refers to stm32f10x_it.o(i.SysTick_Handler) for SysTick_Handler
    startup_stm32f10x_md.o(RESET) refers to timer.o(i.TIM2_IRQHandler) for TIM2_IRQHandler
    startup_stm32f10x_md.o(RESET) refers to serial.o(i.USART1_IRQHandler) for USART1_IRQHandler
    startup_stm32f10x_md.o(RESET) refers to usart3.o(i.USART2_IRQHandler) for USART2_IRQHandler
    startup_stm32f10x_md.o(.text) refers to system_stm32f10x.o(i.SystemInit) for SystemInit
    startup_stm32f10x_md.o(.text) refers to entry.o(.ARM.Collect$$$$00000000) for __main
    system_stm32f10x.o(i.SetSysClock) refers to system_stm32f10x.o(i.SetSysClockTo72) for SetSysClockTo72
    system_stm32f10x.o(i.SystemCoreClockUpdate) refers to system_stm32f10x.o(.data) for SystemCoreClock
    system_stm32f10x.o(i.SystemInit) refers to system_stm32f10x.o(i.SetSysClock) for SetSysClock
    stm32f10x_adc.o(i.ADC_DeInit) refers to stm32f10x_rcc.o(i.RCC_APB2PeriphResetCmd) for RCC_APB2PeriphResetCmd
    stm32f10x_bkp.o(i.BKP_DeInit) refers to stm32f10x_rcc.o(i.RCC_BackupResetCmd) for RCC_BackupResetCmd
    stm32f10x_can.o(i.CAN_DeInit) refers to stm32f10x_rcc.o(i.RCC_APB1PeriphResetCmd) for RCC_APB1PeriphResetCmd
    stm32f10x_can.o(i.CAN_GetITStatus) refers to stm32f10x_can.o(i.CheckITStatus) for CheckITStatus
    stm32f10x_cec.o(i.CEC_DeInit) refers to stm32f10x_rcc.o(i.RCC_APB1PeriphResetCmd) for RCC_APB1PeriphResetCmd
    stm32f10x_dac.o(i.DAC_DeInit) refers to stm32f10x_rcc.o(i.RCC_APB1PeriphResetCmd) for RCC_APB1PeriphResetCmd
    stm32f10x_flash.o(i.FLASH_EnableWriteProtection) refers to stm32f10x_flash.o(i.FLASH_WaitForLastOperation) for FLASH_WaitForLastOperation
    stm32f10x_flash.o(i.FLASH_EraseAllBank1Pages) refers to stm32f10x_flash.o(i.FLASH_WaitForLastBank1Operation) for FLASH_WaitForLastBank1Operation
    stm32f10x_flash.o(i.FLASH_EraseAllPages) refers to stm32f10x_flash.o(i.FLASH_WaitForLastOperation) for FLASH_WaitForLastOperation
    stm32f10x_flash.o(i.FLASH_EraseOptionBytes) refers to stm32f10x_flash.o(i.FLASH_GetReadOutProtectionStatus) for FLASH_GetReadOutProtectionStatus
    stm32f10x_flash.o(i.FLASH_EraseOptionBytes) refers to stm32f10x_flash.o(i.FLASH_WaitForLastOperation) for FLASH_WaitForLastOperation
    stm32f10x_flash.o(i.FLASH_ErasePage) refers to stm32f10x_flash.o(i.FLASH_WaitForLastOperation) for FLASH_WaitForLastOperation
    stm32f10x_flash.o(i.FLASH_ProgramHalfWord) refers to stm32f10x_flash.o(i.FLASH_WaitForLastOperation) for FLASH_WaitForLastOperation
    stm32f10x_flash.o(i.FLASH_ProgramOptionByteData) refers to stm32f10x_flash.o(i.FLASH_WaitForLastOperation) for FLASH_WaitForLastOperation
    stm32f10x_flash.o(i.FLASH_ProgramWord) refers to stm32f10x_flash.o(i.FLASH_WaitForLastOperation) for FLASH_WaitForLastOperation
    stm32f10x_flash.o(i.FLASH_ReadOutProtection) refers to stm32f10x_flash.o(i.FLASH_WaitForLastOperation) for FLASH_WaitForLastOperation
    stm32f10x_flash.o(i.FLASH_UserOptionByteConfig) refers to stm32f10x_flash.o(i.FLASH_WaitForLastOperation) for FLASH_WaitForLastOperation
    stm32f10x_flash.o(i.FLASH_WaitForLastBank1Operation) refers to stm32f10x_flash.o(i.FLASH_GetBank1Status) for FLASH_GetBank1Status
    stm32f10x_flash.o(i.FLASH_WaitForLastOperation) refers to stm32f10x_flash.o(i.FLASH_GetBank1Status) for FLASH_GetBank1Status
    stm32f10x_gpio.o(i.GPIO_AFIODeInit) refers to stm32f10x_rcc.o(i.RCC_APB2PeriphResetCmd) for RCC_APB2PeriphResetCmd
    stm32f10x_gpio.o(i.GPIO_DeInit) refers to stm32f10x_rcc.o(i.RCC_APB2PeriphResetCmd) for RCC_APB2PeriphResetCmd
    stm32f10x_i2c.o(i.I2C_DeInit) refers to stm32f10x_rcc.o(i.RCC_APB1PeriphResetCmd) for RCC_APB1PeriphResetCmd
    stm32f10x_i2c.o(i.I2C_Init) refers to stm32f10x_rcc.o(i.RCC_GetClocksFreq) for RCC_GetClocksFreq
[...]
    Removing stm32f10x_pwr.o(i.PWR_BackupAccessCmd), (12 bytes).
    Removing stm32f10x_pwr.o(i.PWR_ClearFlag), (20 bytes).
    Removing stm32f10x_pwr.o(i.PWR_DeInit), (22 bytes).
    Removing stm32f10x_pwr.o(i.PWR_EnterSTANDBYMode), (52 bytes).
    Removing stm32f10x_pwr.o(i.PWR_EnterSTOPMode), (64 bytes).
    Removing stm32f10x_pwr.o(i.PWR_GetFlagStatus), (24 bytes).
    Removing stm32f10x_pwr.o(i.PWR_PVDCmd), (12 bytes).
    Removing stm32f10x_pwr.o(i.PWR_PVDLevelConfig), (24 bytes).
    Removing stm32f10x_pwr.o(i.PWR_WakeUpPinCmd), (12 bytes).
    Removing stm32f10x_rcc.o(i.RCC_ADCCLKConfig), (24 bytes).
    Removing stm32f10x_rcc.o(i.RCC_AHBPeriphClockCmd), (32 bytes).
    Removing stm32f10x_rcc.o(i.RCC_APB1PeriphResetCmd), (32 bytes).
    Removing stm32f10x_rcc.o(i.RCC_APB2PeriphResetCmd), (32 bytes).
    Removing stm32f10x_rcc.o(i.RCC_AdjustHSICalibrationValue), (24 bytes).
    Removing stm32f10x_rcc.o(i.RCC_BackupResetCmd), (12 bytes).
    Removing stm32f10x_rcc.o(i.RCC_ClearFlag), (20 bytes).
    Removing stm32f10x_rcc.o(i.RCC_ClearITPendingBit), (12 bytes).
    Removing stm32f10x_rcc.o(i.RCC_ClockSecuritySystemCmd), (12 bytes).
    Removing stm32f10x_rcc.o(i.RCC_DeInit), (76 bytes).
    Removing stm32f10x_rcc.o(i.RCC_GetFlagStatus), (60 bytes).
    Removing stm32f10x_rcc.o(i.RCC_GetITStatus), (24 bytes).
    Removing stm32f10x_rcc.o(i.RCC_GetSYSCLKSource), (16 bytes).
    Removing stm32f10x_rcc.o(i.RCC_HCLKConfig), (24 bytes).
    Removing stm32f10x_rcc.o(i.RCC_HSEConfig), (76 bytes).
    Removing stm32f10x_rcc.o(i.RCC_HSICmd), (12 bytes).
    Removing stm32f10x_rcc.o(i.RCC_ITConfig), (32 bytes).
    Removing stm32f10x_rcc.o(i.RCC_LSEConfig), (52 bytes).
    Removing stm32f10x_rcc.o(i.RCC_LSICmd), (12 bytes).
    Removing stm32f10x_rcc.o(i.RCC_MCOConfig), (12 bytes).
    Removing stm32f10x_rcc.o(i.RCC_PCLK1Config), (24 bytes).
    Removing stm32f10x_rcc.o(i.RCC_PCLK2Config), (24 bytes).
    Removing stm32f10x_rcc.o(i.RCC_PLLCmd), (12 bytes).
    Removing stm32f10x_rcc.o(i.RCC_PLLConfig), (28 bytes).
    Removing stm32f10x_rcc.o(i.RCC_RTCCLKCmd), (12 bytes).
    Removing stm32f10x_rcc.o(i.RCC_RTCCLKConfig), (16 bytes).
    Removing stm32f10x_rcc.o(i.RCC_SYSCLKConfig), (24 bytes).
    Removing stm32f10x_rcc.o(i.RCC_USBCLKConfig), (12 bytes).
    Removing stm32f10x_rcc.o(i.RCC_WaitForHSEStartUp), (56 bytes).
    Removing stm32f10x_rtc.o(i.RTC_ClearFlag), (16 bytes).
    Removing stm32f10x_rtc.o(i.RTC_ClearITPendingBit), (16 bytes).
    Removing stm32f10x_rtc.o(i.RTC_EnterConfigMode), (20 bytes).
    Removing stm32f10x_rtc.o(i.RTC_ExitConfigMode), (20 bytes).
    Removing stm32f10x_rtc.o(i.RTC_GetCounter), (20 bytes).
    Removing stm32f10x_rtc.o(i.RTC_GetDivider), (24 bytes).
    Removing stm32f10x_rtc.o(i.RTC_GetFlagStatus), (24 bytes).
    Removing stm32f10x_rtc.o(i.RTC_GetITStatus), (36 bytes).
    Removing stm32f10x_rtc.o(i.RTC_ITConfig), (32 bytes).
    Removing stm32f10x_rtc.o(i.RTC_SetAlarm), (28 bytes).
    Removing stm32f10x_rtc.o(i.RTC_SetCounter), (28 bytes).
    Removing stm32f10x_rtc.o(i.RTC_SetPrescaler), (32 bytes).
    Removing stm32f10x_rtc.o(i.RTC_WaitForLastTask), (20 bytes).
    Removing stm32f10x_rtc.o(i.RTC_WaitForSynchro), (36 bytes).
    Removing stm32f10x_sdio.o(i.SDIO_CEATAITCmd), (16 bytes).
    Removing stm32f10x_sdio.o(i.SDIO_ClearFlag), (12 bytes).
    Removing stm32f10x_sdio.o(i.SDIO_ClearITPendingBit), (12 bytes).
    Removing stm32f10x_sdio.o(i.SDIO_ClockCmd), (12 bytes).
    Removing stm32f10x_sdio.o(i.SDIO_CmdStructInit), (14 bytes).
    Removing stm32f10x_sdio.o(i.SDIO_CommandCompletionCmd), (12 bytes).
    Removing stm32f10x_sdio.o(i.SDIO_DMACmd), (12 bytes).
    Removing stm32f10x_sdio.o(i.SDIO_DataConfig), (48 bytes).
    Removing stm32f10x_sdio.o(i.SDIO_DataStructInit), (20 bytes).
    Removing stm32f10x_sdio.o(i.SDIO_DeInit), (36 bytes).
    Removing stm32f10x_sdio.o(i.SDIO_GetCommandResponse), (12 bytes).
    Removing stm32f10x_sdio.o(i.SDIO_GetDataCounter), (12 bytes).
    Removing stm32f10x_sdio.o(i.SDIO_GetFIFOCount), (12 bytes).
    Removing stm32f10x_sdio.o(i.SDIO_GetFlagStatus), (24 bytes).
    Removing stm32f10x_sdio.o(i.SDIO_GetITStatus), (24 bytes).
    Removing stm32f10x_sdio.o(i.SDIO_GetPowerState), (16 bytes).
    Removing stm32f10x_sdio.o(i.SDIO_GetResponse), (24 bytes).
    Removing stm32f10x_sdio.o(i.SDIO_ITConfig), (32 bytes).
    Removing stm32f10x_sdio.o(i.SDIO_Init), (48 bytes).
    Removing stm32f10x_sdio.o(i.SDIO_ReadData), (12 bytes).
    Removing stm32f10x_sdio.o(i.SDIO_SendCEATACmd), (12 bytes).
    Removing stm32f10x_sdio.o(i.SDIO_SendCommand), (44 bytes).
    Removing stm32f10x_sdio.o(i.SDIO_SendSDIOSuspendCmd), (12 bytes).
    Removing stm32f10x_sdio.o(i.SDIO_SetPowerState), (28 bytes).
    Removing stm32f10x_sdio.o(i.SDIO_SetSDIOOperation), (12 bytes).
    Removing stm32f10x_sdio.o(i.SDIO_SetSDIOReadWaitMode), (12 bytes).
    Removing stm32f10x_sdio.o(i.SDIO_StartSDIOReadWait), (12 bytes).
    Removing stm32f10x_sdio.o(i.SDIO_StopSDIOReadWait), (12 bytes).
    Removing stm32f10x_sdio.o(i.SDIO_StructInit), (16 bytes).
    Removing stm32f10x_sdio.o(i.SDIO_WriteData), (12 bytes).
    Removing stm32f10x_spi.o(i.I2S_Cmd), (24 bytes).
    Removing stm32f10x_spi.o(i.I2S_Init), (232 bytes).
    Removing stm32f10x_spi.o(i.I2S_StructInit), (20 bytes).
    Removing stm32f10x_spi.o(i.SPI_BiDirectionalLineConfig), (28 bytes).
    Removing stm32f10x_spi.o(i.SPI_CalculateCRC), (24 bytes).
    Removing stm32f10x_spi.o(i.SPI_DataSizeConfig), (18 bytes).
    Removing stm32f10x_spi.o(i.SPI_GetCRC), (16 bytes).
    Removing stm32f10x_spi.o(i.SPI_GetCRCPolynomial), (6 bytes).
    Removing stm32f10x_spi.o(i.SPI_I2S_ClearFlag), (6 bytes).
    Removing stm32f10x_spi.o(i.SPI_I2S_ClearITPendingBit), (20 bytes).
    Removing stm32f10x_spi.o(i.SPI_I2S_DMACmd), (18 bytes).
    Removing stm32f10x_spi.o(i.SPI_I2S_DeInit), (88 bytes).
    Removing stm32f10x_spi.o(i.SPI_I2S_GetFlagStatus), (18 bytes).
    Removing stm32f10x_spi.o(i.SPI_I2S_GetITStatus), (52 bytes).
    Removing stm32f10x_spi.o(i.SPI_I2S_ITConfig), (32 bytes).
    Removing stm32f10x_spi.o(i.SPI_I2S_ReceiveData), (6 bytes).
    Removing stm32f10x_spi.o(i.SPI_I2S_SendData), (4 bytes).
    Removing stm32f10x_spi.o(i.SPI_NSSInternalSoftwareConfig), (30 bytes).
    Removing stm32f10x_spi.o(i.SPI_SSOutputCmd), (24 bytes).
    Removing stm32f10x_spi.o(i.SPI_StructInit), (24 bytes).
    Removing stm32f10x_spi.o(i.SPI_TransmitCRC), (10 bytes).
    Removing stm32f10x_tim.o(i.TI1_Config), (128 bytes).
    Removing stm32f10x_tim.o(i.TI2_Config), (152 bytes).
    Removing stm32f10x_tim.o(i.TI3_Config), (144 bytes).
    Removing stm32f10x_tim.o(i.TI4_Config), (152 bytes).
    Removing stm32f10x_tim.o(i.TIM_ARRPreloadConfig), (24 bytes).
    Removing stm32f10x_tim.o(i.TIM_BDTRConfig), (32 bytes).
    Removing stm32f10x_tim.o(i.TIM_BDTRStructInit), (18 bytes).
    Removing stm32f10x_tim.o(i.TIM_CCPreloadControl), (24 bytes).
    Removing stm32f10x_tim.o(i.TIM_CCxCmd), (30 bytes).
    Removing stm32f10x_tim.o(i.TIM_CCxNCmd), (30 bytes).
    Removing stm32f10x_tim.o(i.TIM_ClearFlag), (6 bytes).
    Removing stm32f10x_tim.o(i.TIM_ClearOC1Ref), (18 bytes).
    Removing stm32f10x_tim.o(i.TIM_ClearOC2Ref), (24 bytes).
    Removing stm32f10x_tim.o(i.TIM_ClearOC3Ref), (18 bytes).
    Removing stm32f10x_tim.o(i.TIM_ClearOC4Ref), (24 bytes).
    Removing stm32f10x_tim.o(i.TIM_CounterModeConfig), (18 bytes).
    Removing stm32f10x_tim.o(i.TIM_DMACmd), (18 bytes).
    Removing stm32f10x_tim.o(i.TIM_DMAConfig), (10 bytes).
    Removing stm32f10x_tim.o(i.TIM_DeInit), (488 bytes).
    Removing stm32f10x_tim.o(i.TIM_ETRClockMode1Config), (54 bytes).
    Removing stm32f10x_tim.o(i.TIM_ETRClockMode2Config), (32 bytes).
    Removing stm32f10x_tim.o(i.TIM_ETRConfig), (28 bytes).
    Removing stm32f10x_tim.o(i.TIM_EncoderInterfaceConfig), (66 bytes).
    Removing stm32f10x_tim.o(i.TIM_ForcedOC1Config), (18 bytes).
    Removing stm32f10x_tim.o(i.TIM_ForcedOC2Config), (26 bytes).
    Removing stm32f10x_tim.o(i.TIM_ForcedOC3Config), (18 bytes).
    Removing stm32f10x_tim.o(i.TIM_ForcedOC4Config), (26 bytes).
    Removing stm32f10x_tim.o(i.TIM_GenerateEvent), (4 bytes).
    Removing stm32f10x_tim.o(i.TIM_GetCapture1), (6 bytes).
    Removing stm32f10x_tim.o(i.TIM_GetCapture2), (6 bytes).
    Removing stm32f10x_tim.o(i.TIM_GetCapture3), (6 bytes).
    Removing stm32f10x_tim.o(i.TIM_GetCapture4), (8 bytes).
    Removing stm32f10x_tim.o(i.TIM_GetCounter), (6 bytes).
    Removing stm32f10x_tim.o(i.TIM_GetFlagStatus), (18 bytes).
    Removing stm32f10x_tim.o(i.TIM_GetPrescaler), (6 bytes).
    Removing stm32f10x_tim.o(i.TIM_ICInit), (172 bytes).
    Removing stm32f10x_tim.o(i.TIM_ICStructInit), (18 bytes).
    Removing stm32f10x_tim.o(i.TIM_ITRxExternalClockConfig), (24 bytes).
    Removing stm32f10x_tim.o(i.TIM_OC1FastConfig), (18 bytes).
    Removing stm32f10x_tim.o(i.TIM_OC1Init), (152 bytes).
    Removing stm32f10x_tim.o(i.TIM_OC1NPolarityConfig), (18 bytes).
    Removing stm32f10x_tim.o(i.TIM_OC1PolarityConfig), (18 bytes).
    Removing stm32f10x_tim.o(i.TIM_OC1PreloadConfig), (18 bytes).
    Removing stm32f10x_tim.o(i.TIM_OC2FastConfig), (26 bytes).
    Removing stm32f10x_tim.o(i.TIM_OC2Init), (164 bytes).
    Removing stm32f10x_tim.o(i.TIM_OC2NPolarityConfig), (26 bytes).
    Removing stm32f10x_tim.o(i.TIM_OC2PolarityConfig), (26 bytes).
    Removing stm32f10x_tim.o(i.TIM_OC2PreloadConfig), (26 bytes).
    Removing stm32f10x_tim.o(i.TIM_OC3FastConfig), (18 bytes).
    Removing stm32f10x_tim.o(i.TIM_OC3Init), (160 bytes).
    Removing stm32f10x_tim.o(i.TIM_OC3NPolarityConfig), (26 bytes).
    Removing stm32f10x_tim.o(i.TIM_OC3PolarityConfig), (26 bytes).
    Removing stm32f10x_tim.o(i.TIM_OC3PreloadConfig), (18 bytes).
    Removing stm32f10x_tim.o(i.TIM_OC4FastConfig), (26 bytes).
    Removing stm32f10x_tim.o(i.TIM_OC4PolarityConfig), (26 bytes).
    Removing stm32f10x_tim.o(i.TIM_OC4PreloadConfig), (26 bytes).
    Removing stm32f10x_tim.o(i.TIM_PWMIConfig), (124 bytes).
    Removing stm32f10x_tim.o(i.TIM_PrescalerConfig), (6 bytes).
    Removing stm32f10x_tim.o(i.TIM_SelectCCDMA), (24 bytes).
    Removing stm32f10x_tim.o(i.TIM_SelectCOM), (24 bytes).
    Removing stm32f10x_tim.o(i.TIM_SelectHallSensor), (24 bytes).
    Removing stm32f10x_tim.o(i.TIM_SelectInputTrigger), (18 bytes).
    Removing stm32f10x_tim.o(i.TIM_SelectMasterSlaveMode), (18 bytes).
    Removing stm32f10x_tim.o(i.TIM_SelectOCxM), (82 bytes).
    Removing stm32f10x_tim.o(i.TIM_SelectOnePulseMode), (18 bytes).
    Removing stm32f10x_tim.o(i.TIM_SelectOutputTrigger), (18 bytes).
    Removing stm32f10x_tim.o(i.TIM_SelectSlaveMode), (18 bytes).
    Removing stm32f10x_tim.o(i.TIM_SetAutoreload), (4 bytes).
    Removing stm32f10x_tim.o(i.TIM_SetClockDivision), (18 bytes).
    Removing stm32f10x_tim.o(i.TIM_SetCompare1), (4 bytes).
    Removing stm32f10x_tim.o(i.TIM_SetCompare2), (4 bytes).
    Removing stm32f10x_tim.o(i.TIM_SetCompare3), (4 bytes).
    Removing stm32f10x_tim.o(i.TIM_SetIC1Prescaler), (18 bytes).
    Removing stm32f10x_tim.o(i.TIM_SetIC2Prescaler), (26 bytes).
    Removing stm32f10x_tim.o(i.TIM_SetIC3Prescaler), (18 bytes).
    Removing stm32f10x_tim.o(i.TIM_SetIC4Prescaler), (26 bytes).
    Removing stm32f10x_tim.o(i.TIM_TIxExternalClockConfig), (62 bytes).
    Removing stm32f10x_tim.o(i.TIM_TimeBaseStructInit), (18 bytes).
    Removing stm32f10x_tim.o(i.TIM_UpdateDisableConfig), (24 bytes).
    Removing stm32f10x_tim.o(i.TIM_UpdateRequestConfig), (24 bytes).
    Removing stm32f10x_usart.o(i.USART_ClearFlag), (18 bytes).
    Removing stm32f10x_usart.o(i.USART_ClockInit), (34 bytes).
    Removing stm32f10x_usart.o(i.USART_ClockStructInit), (12 bytes).
    Removing stm32f10x_usart.o(i.USART_DMACmd), (18 bytes).
    Removing stm32f10x_usart.o(i.USART_DeInit), (156 bytes).
    Removing stm32f10x_usart.o(i.USART_HalfDuplexCmd), (24 bytes).
    Removing stm32f10x_usart.o(i.USART_IrDACmd), (24 bytes).
    Removing stm32f10x_usart.o(i.USART_IrDAConfig), (18 bytes).
    Removing stm32f10x_usart.o(i.USART_LINBreakDetectLengthConfig), (18 bytes).
    Removing stm32f10x_usart.o(i.USART_LINCmd), (24 bytes).
    Removing stm32f10x_usart.o(i.USART_OneBitMethodCmd), (24 bytes).
    Removing stm32f10x_usart.o(i.USART_OverSampling8Cmd), (22 bytes).
    Removing stm32f10x_usart.o(i.USART_ReceiverWakeUpCmd), (24 bytes).
    Removing stm32f10x_usart.o(i.USART_SendBreak), (10 bytes).
    Removing stm32f10x_usart.o(i.USART_SetAddress), (18 bytes).
    Removing stm32f10x_usart.o(i.USART_SetGuardTime), (16 bytes).
    Removing stm32f10x_usart.o(i.USART_SetPrescaler), (16 bytes).
    Removing stm32f10x_usart.o(i.USART_SmartCardCmd), (24 bytes).
    Removing stm32f10x_usart.o(i.USART_SmartCardNACKCmd), (24 bytes).
    Removing stm32f10x_usart.o(i.USART_StructInit), (24 bytes).
    Removing stm32f10x_usart.o(i.USART_WakeUpConfig), (18 bytes).
    Removing stm32f10x_wwdg.o(i.WWDG_ClearFlag), (12 bytes).
    Removing stm32f10x_wwdg.o(i.WWDG_DeInit), (22 bytes).
    Removing stm32f10x_wwdg.o(i.WWDG_Enable), (16 bytes).
    Removing stm32f10x_wwdg.o(i.WWDG_EnableIT), (12 bytes).
    Removing stm32f10x_wwdg.o(i.WWDG_GetFlagStatus), (12 bytes).
    Removing stm32f10x_wwdg.o(i.WWDG_SetCounter), (16 bytes).
    Removing stm32f10x_wwdg.o(i.WWDG_SetPrescaler), (24 bytes).
    Removing stm32f10x_wwdg.o(i.WWDG_SetWindowValue), (40 bytes).
    Removing delay.o(i.Delay_s), (24 bytes).
    Removing sys.o(.emb_text), (6 bytes).
    Removing sys.o(i.INTX_DISABLE), (4 bytes).
    Removing sys.o(i.INTX_ENABLE), (4 bytes).
    Removing sys.o(i.WFI_SET), (4 bytes).
    Removing led.o(i.LED1_Turn), (36 bytes).
    Removing led.o(i.LED2_Turn), (44 bytes).
    Removing key.o(i.Key_GetNum), (84 bytes).
    Removing key.o(i.Key_Init), (124 bytes).
    Removing serial.o(i.Serial_Pow), (20 bytes).
    Removing serial.o(i.Serial_Printf), (36 bytes).
    Removing serial.o(i.Serial_SendArray), (26 bytes).
    Removing serial.o(i.Serial_SendByte), (32 bytes).
    Removing serial.o(i.Serial_SendNumber), (58 bytes).
    Removing serial.o(i.Serial_SendPacket), (28 bytes).
    Removing serial.o(i.Serial_SendString), (26 bytes).
    Removing rc522.o(i.CalulateCRC), (108 bytes).
    Removing rc522.o(i.IC_RW), (404 bytes).
    Removing rc522.o(i.PcdAntennaOff), (12 bytes).
    Removing rc522.o(i.PcdAuthState), (110 bytes).
    Removing rc522.o(i.PcdHalt), (50 bytes).
    Removing rc522.o(i.PcdRead), (84 bytes).
    Removing rc522.o(i.PcdSelect), (114 bytes).
    Removing rc522.o(i.PcdWrite), (156 bytes).
    Removing rc522.o(i.RC522_Handle), (1200 bytes).
    Removing rc522.o(i.RC522_Handle1), (1244 bytes).
    Removing rc522.o(i.RC522_data_break), (756 bytes).
    Removing rc522.o(i.WaitCardOff), (52 bytes).
    Removing rc522.o(.bss), (48 bytes).
    Removing rc522.o(.constdata), (257 bytes).
    Removing rc522.o(.data), (130 bytes).
    Removing oled_iic.o(i.OLED_DrawBMP), (118 bytes).
    Removing oled_iic.o(i.OLED_OFF), (22 bytes).
    Removing oled_iic.o(i.OLED_ON), (22 bytes).
    Removing oled_iic.o(i.OLED_ShowNum), (124 bytes).
    Removing flash.o(i.STMFLASH_Write), (232 bytes).
    Removing flash.o(i.STMFLASH_Write_NoCheck), (38 bytes).
    Removing flash.o(i.Test_Write), (16 bytes).
    Removing flash.o(.bss), (1024 bytes).
    Removing beep.o(i.Beep_Turn), (44 bytes).

486 unused section(s) (total 25115 bytes) removed from the image.

==============================================================================

Image Symbol Table

    Local Symbols

    Symbol Name                              Value     Ov Type        Size  Object(Section)

    ../clib/../cmprslib/lz77c.c              0x00000000   Number         0  __dclz77c.o ABSOLUTE
    ../clib/microlib/division.c              0x00000000   Number         0  uidiv.o ABSOLUTE
    ../clib/microlib/division.c              0x00000000   Number         0  uldiv.o ABSOLUTE
    ../clib/microlib/init/entry.s            0x00000000   Number         0  entry2.o ABSOLUTE
    ../clib/microlib/init/entry.s            0x00000000   Number         0  entry11b.o ABSOLUTE
    ../clib/microlib/init/entry.s            0x00000000   Number         0  entry.o ABSOLUTE
    ../clib/microlib/init/entry.s            0x00000000   Number         0  entry9b.o ABSOLUTE
    ../clib/microlib/init/entry.s            0x00000000   Number         0  entry10a.o ABSOLUTE
    ../clib/microlib/init/entry.s            0x00000000   Number         0  entry7b.o ABSOLUTE
    ../clib/microlib/init/entry.s            0x00000000   Number         0  entry5.o ABSOLUTE
    ../clib/microlib/init/entry.s            0x00000000   Number         0  entry9a.o ABSOLUTE
    ../clib/microlib/init/entry.s            0x00000000   Number         0  entry7a.o ABSOLUTE
    ../clib/microlib/init/entry.s            0x00000000   Number         0  entry10b.o ABSOLUTE
    ../clib/microlib/init/entry.s            0x00000000   Number         0  entry11a.o ABSOLUTE
    ../clib/microlib/init/entry.s            0x00000000   Number         0  entry8a.o ABSOLUTE
    ../clib/microlib/init/entry.s            0x00000000   Number         0  entry8b.o ABSOLUTE
    ../clib/microlib/longlong.c              0x00000000   Number         0  llsshr.o ABSOLUTE
    ../clib/microlib/longlong.c              0x00000000   Number         0  llushr.o ABSOLUTE
    ../clib/microlib/longlong.c              0x00000000   Number         0  llshl.o ABSOLUTE
    ../clib/microlib/printf/printf.c         0x00000000   Number         0  printf4.o ABSOLUTE
    ../clib/microlib/printf/printf.c         0x00000000   Number         0  printfb.o ABSOLUTE
    ../clib/microlib/printf/printf.c         0x00000000   Number         0  printf0.o ABSOLUTE
    ../clib/microlib/printf/printf.c         0x00000000   Number         0  printf2.o ABSOLUTE
    ../clib/microlib/printf/printf.c         0x00000000   Number         0  printf3.o ABSOLUTE
    ../clib/microlib/printf/printf.c         0x00000000   Number         0  printf5.o ABSOLUTE
    ../clib/microlib/printf/printf.c         0x00000000   Number         0  printf6.o ABSOLUTE
    ../clib/microlib/printf/printf.c         0x00000000   Number         0  printf7.o ABSOLUTE
    ../clib/microlib/printf/printf.c         0x00000000   Number         0  printf8.o ABSOLUTE
    ../clib/microlib/printf/printf.c         0x00000000   Number         0  printfa.o ABSOLUTE
    ../clib/microlib/printf/printf.c         0x00000000   Number         0  printf1.o ABSOLUTE
    ../clib/microlib/printf/stubs.s          0x00000000   Number         0  stubs.o ABSOLUTE
    ../clib/microlib/stdio/streams.c         0x00000000   Number         0  stdout.o ABSOLUTE
    ../clib/microlib/string/memcpy.c         0x00000000   Number         0  memcpya.o ABSOLUTE
    ../clib/microlib/string/memcpy.c         0x00000000   Number         0  memcpyb.o ABSOLUTE
    ../clib/microlib/string/strchr.c         0x00000000   Number         0  strchr.o ABSOLUTE
    ../clib/microlib/stubs.s                 0x00000000   Number         0  iusefp.o ABSOLUTE
    ../fplib/microlib/fpadd.c                0x00000000   Number         0  fadd.o ABSOLUTE
    ../fplib/microlib/fpadd.c                0x00000000   Number         0  dadd.o ABSOLUTE
    ../fplib/microlib/fpdiv.c                0x00000000   Number         0  fdiv.o ABSOLUTE
    ../fplib/microlib/fpdiv.c                0x00000000   Number         0  ddiv.o ABSOLUTE
    ../fplib/microlib/fpepilogue.c           0x00000000   Number         0  depilogue.o ABSOLUTE
    ../fplib/microlib/fpepilogue.c           0x00000000   Number         0  fepilogue.o ABSOLUTE
    ../fplib/microlib/fpfix.c                0x00000000   Number         0  dfixul.o ABSOLUTE
    ../fplib/microlib/fpfix.c                0x00000000   Number         0  ffixui.o ABSOLUTE
    ../fplib/microlib/fpmul.c                0x00000000   Number         0  dmul.o ABSOLUTE
    ../fplib/microlib/fpmul.c                0x00000000   Number         0  fmul.o ABSOLUTE
    Hardware\Beep.c                          0x00000000   Number         0  beep.o ABSOLUTE
    Hardware\Key.c                           0x00000000   Number         0  key.o ABSOLUTE
    Hardware\LED.c                           0x00000000   Number         0  led.o ABSOLUTE
    Hardware\PWM.c                           0x00000000   Number         0  pwm.o ABSOLUTE
    Hardware\SERVO.c                         0x00000000   Number         0  servo.o ABSOLUTE
    Hardware\Serial.c                        0x00000000   Number         0  serial.o ABSOLUTE
    Hardware\flash.c                         0x00000000   Number         0  flash.o ABSOLUTE
    Hardware\key1.c                          0x00000000   Number         0  key1.o ABSOLUTE
    Hardware\keyCode.c                       0x00000000   Number         0  keycode.o ABSOLUTE
    Hardware\oled_iic.c                      0x00000000   Number         0  oled_iic.o ABSOLUTE
    Hardware\rc522.c                         0x00000000   Number         0  rc522.o ABSOLUTE
    Hardware\usart3.c                        0x00000000   Number         0  usart3.o ABSOLUTE
    Library\misc.c                           0x00000000   Number         0  misc.o ABSOLUTE
    Library\stm32f10x_adc.c                  0x00000000   Number         0  stm32f10x_adc.o ABSOLUTE
    Library\stm32f10x_bkp.c                  0x00000000   Number         0  stm32f10x_bkp.o ABSOLUTE
    Library\stm32f10x_can.c                  0x00000000   Number         0  stm32f10x_can.o ABSOLUTE
    Library\stm32f10x_cec.c                  0x00000000   Number         0  stm32f10x_cec.o ABSOLUTE
    Library\stm32f10x_crc.c                  0x00000000   Number         0  stm32f10x_crc.o ABSOLUTE
    Library\stm32f10x_dac.c                  0x00000000   Number         0  stm32f10x_dac.o ABSOLUTE
    Library\stm32f10x_dbgmcu.c               0x00000000   Number         0  stm32f10x_dbgmcu.o ABSOLUTE
    Library\stm32f10x_dma.c                  0x00000000   Number         0  stm32f10x_dma.o ABSOLUTE
    Library\stm32f10x_exti.c                 0x00000000   Number         0  stm32f10x_exti.o ABSOLUTE
    Library\stm32f10x_flash.c                0x00000000   Number         0  stm32f10x_flash.o ABSOLUTE
    Library\stm32f10x_fsmc.c                 0x00000000   Number         0  stm32f10x_fsmc.o ABSOLUTE
    Library\stm32f10x_gpio.c                 0x00000000   Number         0  stm32f10x_gpio.o ABSOLUTE
    Library\stm32f10x_i2c.c                  0x00000000   Number         0  stm32f10x_i2c.o ABSOLUTE
    Library\stm32f10x_iwdg.c                 0x00000000   Number         0  stm32f10x_iwdg.o ABSOLUTE
    Library\stm32f10x_pwr.c                  0x00000000   Number         0  stm32f10x_pwr.o ABSOLUTE
    Library\stm32f10x_rcc.c                  0x00000000   Number         0  stm32f10x_rcc.o ABSOLUTE
    Library\stm32f10x_rtc.c                  0x00000000   Number         0  stm32f10x_rtc.o ABSOLUTE
    Library\stm32f10x_sdio.c                 0x00000000   Number         0  stm32f10x_sdio.o ABSOLUTE
    Library\stm32f10x_spi.c                  0x00000000   Number         0  stm32f10x_spi.o ABSOLUTE
    Library\stm32f10x_tim.c                  0x00000000   Number         0  stm32f10x_tim.o ABSOLUTE
    Library\stm32f10x_usart.c                0x00000000   Number         0  stm32f10x_usart.o ABSOLUTE
    Library\stm32f10x_wwdg.c                 0x00000000   Number         0  stm32f10x_wwdg.o ABSOLUTE
    Start\\core_cm3.c                        0x00000000   Number         0  core_cm3.o ABSOLUTE
    Start\core_cm3.c                         0x00000000   Number         0  core_cm3.o ABSOLUTE
    Start\startup_stm32f10x_md.s             0x00000000   Number         0  startup_stm32f10x_md.o ABSOLUTE
    Start\system_stm32f10x.c                 0x00000000   Number         0  system_stm32f10x.o ABSOLUTE
    System\Delay.c                           0x00000000   Number         0  delay.o ABSOLUTE
    System\\sys.c                            0x00000000   Number         0  sys.o ABSOLUTE
    System\sys.c                             0x00000000   Number         0  sys.o ABSOLUTE
    System\timer.c                           0x00000000   Number         0  timer.o ABSOLUTE
    User\main.c                              0x00000000   Number         0  main.o ABSOLUTE
    User\stm32f10x_it.c                      0x00000000   Number         0  stm32f10x_it.o ABSOLUTE
    cdrcmple.s                               0x00000000   Number         0  cdrcmple.o ABSOLUTE
    dc.s                                     0x00000000   Number         0  dc.o ABSOLUTE
    handlers.s                               0x00000000   Number         0  handlers.o ABSOLUTE
    init.s                                   0x00000000   Number         0  init.o ABSOLUTE
    RESET                                    0x08000000   Section      236  startup_stm32f10x_md.o(RESET)
    .ARM.Collect$$$$00000000                 0x080000ec   Section        0  entry.o(.ARM.Collect$$$$00000000)
    .ARM.Collect$$$$00000001                 0x080000ec   Section        4  entry2.o(.ARM.Collect$$$$00000001)
    .ARM.Collect$$$$00000004                 0x080000f0   Section        4  entry5.o(.ARM.Collect$$$$00000004)
    .ARM.Collect$$$$00000008                 0x080000f4   Section        0  entry7b.o(.ARM.Collect$$$$00000008)
    .ARM.Collect$$$$0000000A                 0x080000f4   Section        0  entry8b.o(.ARM.Collect$$$$0000000A)
    .ARM.Collect$$$$0000000B                 0x080000f4   Section        8  entry9a.o(.ARM.Collect$$$$0000000B)
    .ARM.Collect$$$$0000000D                 0x080000fc   Section        0  entry10a.o(.ARM.Collect$$$$0000000D)
    .ARM.Collect$$$$0000000F                 0x080000fc   Section        0  entry11a.o(.ARM.Collect$$$$0000000F)
    .ARM.Collect$$$$00002712                 0x080000fc   Section        4  entry2.o(.ARM.Collect$$$$00002712)
    __lit__00000000                          0x080000fc   Data           4  entry2.o(.ARM.Collect$$$$00002712)
    .text                                    0x08000100   Section       36  startup_stm32f10x_md.o(.text)
    .text                                    0x08000124   Section        0  strchr.o(.text)
    .text                                    0x08000138   Section        0  fadd.o(.text)
    .text                                    0x080001e8   Section        0  fmul.o(.text)
    .text                                    0x0800024c   Section        0  fdiv.o(.text)
    .text                                    0x080002c8   Section        0  ffixui.o(.text)
    .text                                    0x080002f0   Section        0  uidiv.o(.text)
    .text                                    0x0800031c   Section        0  uldiv.o(.text)
    .text                                    0x0800037e   Section        0  fepilogue.o(.text)
    .text                                    0x0800037e   Section        0  iusefp.o(.text)
    .text                                    0x080003ec   Section        0  dadd.o(.text)
    .text                                    0x0800053a   Section        0  dmul.o(.text)
    .text                                    0x0800061e   Section        0  ddiv.o(.text)
    .text                                    0x080006fc   Section        0  dfixul.o(.text)
    .text                                    0x0800072c   Section       48  cdrcmple.o(.text)
    .text                                    0x0800075c   Section       36  init.o(.text)
    .text                                    0x08000780   Section        0  llshl.o(.text)
    .text                                    0x0800079e   Section        0  llushr.o(.text)
    .text                                    0x080007be   Section        0  llsshr.o(.text)
    .text                                    0x080007e2   Section        0  depilogue.o(.text)
    .text                                    0x0800089c   Section        0  __dclz77c.o(.text)
    i.Beep_Init                              0x080008fc   Section        0  beep.o(i.Beep_Init)
    i.Beep_OFF                               0x08000930   Section        0  beep.o(i.Beep_OFF)
    i.Beep_ON                                0x08000944   Section        0  beep.o(i.Beep_ON)
    i.BluetoothTest2                         0x08000958   Section        0  main.o(i.BluetoothTest2)
    i.BusFault_Handler                       0x08000a5c   Section        0  stm32f10x_it.o(i.BusFault_Handler)
    i.ClearBitMask                           0x08000a60   Section        0  rc522.o(i.ClearBitMask)
    i.DebugMon_Handler                       0x08000a7a   Section        0  stm32f10x_it.o(i.DebugMon_Handler)
    i.Delay_ms                               0x08000a7c   Section        0  delay.o(i.Delay_ms)
    i.Delay_us                               0x08000a94   Section        0  delay.o(i.Delay_us)
    i.GB16_NUM                               0x08000ac4   Section        0  oled_iic.o(i.GB16_NUM)
    i.GPIO_Init                              0x08000adc   Section        0  stm32f10x_gpio.o(i.GPIO_Init)
    i.GPIO_ReadInputDataBit                  0x08000bf2   Section        0  stm32f10x_gpio.o(i.GPIO_ReadInputDataBit)
    i.GPIO_ResetBits                         0x08000c04   Section        0  stm32f10x_gpio.o(i.GPIO_ResetBits)
    i.GPIO_SetBits                           0x08000c08   Section        0  stm32f10x_gpio.o(i.GPIO_SetBits)
    i.HardFault_Handler                      0x08000c0c   Section        0  stm32f10x_it.o(i.HardFault_Handler)
    i.IIC_Delay                              0x08000c10   Section        0  oled_iic.o(i.IIC_Delay)
    IIC_Delay                                0x08000c11   Thumb Code    14  oled_iic.o(i.IIC_Delay)
    i.IIC_GPIO_Config                        0x08000c20   Section        0  oled_iic.o(i.IIC_GPIO_Config)
    i.IIC_Start                              0x08000c60   Section        0  oled_iic.o(i.IIC_Start)
    i.IIC_Stop                               0x08000c94   Section        0  oled_iic.o(i.IIC_Stop)
    i.IIC_WaitAck                            0x08000cb8   Section        0  oled_iic.o(i.IIC_WaitAck)
    i.KeyCode_Init                           0x08000d00   Section        0  keycode.o(i.KeyCode_Init)
    i.LED1_OFF                               0x08000d18   Section        0  led.o(i.LED1_OFF)
    i.LED1_ON                                0x08000d28   Section        0  led.o(i.LED1_ON)
    i.LED2_OFF                               0x08000d38   Section        0  led.o(i.LED2_OFF)
    i.LED2_ON                                0x08000d4c   Section        0  led.o(i.LED2_ON)
    i.LED_Init                               0x08000d60   Section        0  led.o(i.LED_Init)
    i.M500PcdConfigISOType                   0x08000d98   Section        0  rc522.o(i.M500PcdConfigISOType)
    i.Matrix_Key_Init                        0x08000dec   Section        0  key1.o(i.Matrix_Key_Init)
    i.Matrix_Key_Scan                        0x08000f00   Section        0  key1.o(i.Matrix_Key_Scan)
    i.MemManage_Handler                      0x0800131c   Section        0  stm32f10x_it.o(i.MemManage_Handler)
    i.NMI_Handler                            0x08001320   Section        0  stm32f10x_it.o(i.NMI_Handler)
    i.NVIC_Init                              0x08001324   Section        0  misc.o(i.NVIC_Init)
    i.NVIC_PriorityGroupConfig               0x08001394   Section        0  misc.o(i.NVIC_PriorityGroupConfig)
    i.OLED_Clear                             0x080013a8   Section        0  oled_iic.o(i.OLED_Clear)
    i.OLED_Fill                              0x080013b2   Section        0  oled_iic.o(i.OLED_Fill)
    i.OLED_Init                              0x080013ec   Section        0  oled_iic.o(i.OLED_Init)
    i.OLED_Set_Pos                           0x08001496   Section        0  oled_iic.o(i.OLED_Set_Pos)
    i.OLED_ShowCH                            0x080014c4   Section        0  oled_iic.o(i.OLED_ShowCH)
    i.OLED_ShowChar                          0x080015f4   Section        0  oled_iic.o(i.OLED_ShowChar)
    i.OLED_ShowHexNum                        0x08001660   Section        0  oled_iic.o(i.OLED_ShowHexNum)
    i.PWM_Init                               0x080016c0   Section        0  pwm.o(i.PWM_Init)
    i.PWM_SetCompare4                        0x08001760   Section        0  pwm.o(i.PWM_SetCompare4)
    i.PcdAntennaOn                           0x08001774   Section        0  rc522.o(i.PcdAntennaOn)
    i.PcdAnticoll                            0x0800178e   Section        0  rc522.o(i.PcdAnticoll)
    i.PcdComMF522                            0x080017fe   Section        0  rc522.o(i.PcdComMF522)
    i.PcdRequest                             0x08001930   Section        0  rc522.o(i.PcdRequest)
    i.PcdReset                               0x08001984   Section        0  rc522.o(i.PcdReset)
    i.PendSV_Handler                         0x08001a04   Section        0  stm32f10x_it.o(i.PendSV_Handler)
    i.RC522_Init                             0x08001a08   Section        0  rc522.o(i.RC522_Init)
    i.RC522_Test1                            0x08001a34   Section        0  main.o(i.RC522_Test1)
    i.RCC_APB1PeriphClockCmd                 0x08001be8   Section        0  stm32f10x_rcc.o(i.RCC_APB1PeriphClockCmd)
    i.RCC_APB2PeriphClockCmd                 0x08001c08   Section        0  stm32f10x_rcc.o(i.RCC_APB2PeriphClockCmd)
    i.RCC_GetClocksFreq                      0x08001c28   Section        0  stm32f10x_rcc.o(i.RCC_GetClocksFreq)
    i.ReadRawRC                              0x08001cfc   Section        0  rc522.o(i.ReadRawRC)
    i.SPI1_Init                              0x08001d30   Section        0  rc522.o(i.SPI1_Init)
    i.SPI_Cmd                                0x08001e1c   Section        0  stm32f10x_spi.o(i.SPI_Cmd)
    i.SPI_Init                               0x08001e34   Section        0  stm32f10x_spi.o(i.SPI_Init)
    i.SPI_RC522_ReadByte                     0x08001e70   Section        0  rc522.o(i.SPI_RC522_ReadByte)
    i.SPI_RC522_SendByte                     0x08001ebc   Section        0  rc522.o(i.SPI_RC522_SendByte)
    i.STMFLASH_Read                          0x08001f10   Section        0  flash.o(i.STMFLASH_Read)
    i.STMFLASH_ReadHalfWord                  0x08001f32   Section        0  flash.o(i.STMFLASH_ReadHalfWord)
    i.SVC_Handler                            0x08001f38   Section        0  stm32f10x_it.o(i.SVC_Handler)
    i.Serial_GetRxFlag                       0x08001f3c   Section        0  serial.o(i.Serial_GetRxFlag)
    i.Serial_Init                            0x08001f58   Section        0  serial.o(i.Serial_Init)
    i.Serial_SendByte1                       0x08002010   Section        0  usart3.o(i.Serial_SendByte1)
    i.Servo_Init                             0x08002030   Section        0  servo.o(i.Servo_Init)
    i.Servo_SetAngle                         0x08002038   Section        0  servo.o(i.Servo_SetAngle)
    i.SetBitMask                             0x08002074   Section        0  rc522.o(i.SetBitMask)
    i.SetSysClock                            0x0800208e   Section        0  system_stm32f10x.o(i.SetSysClock)
    SetSysClock                              0x0800208f   Thumb Code     8  system_stm32f10x.o(i.SetSysClock)
    i.SetSysClockTo72                        0x08002098   Section        0  system_stm32f10x.o(i.SetSysClockTo72)
    SetSysClockTo72                          0x08002099   Thumb Code   214  system_stm32f10x.o(i.SetSysClockTo72)
    i.ShowID                                 0x08002178   Section        0  rc522.o(i.ShowID)
    i.ShowMeau                               0x08002230   Section        0  main.o(i.ShowMeau)
    i.SysTick_Handler                        0x0800227c   Section        0  stm32f10x_it.o(i.SysTick_Handler)
    i.SystemInit                             0x08002280   Section        0  system_stm32f10x.o(i.SystemInit)
    i.TIM2_IRQHandler                        0x080022e0   Section        0  timer.o(i.TIM2_IRQHandler)
    i.TIM2_Int_Init                          0x08002310   Section        0  timer.o(i.TIM2_Int_Init)
    i.TIM_ClearITPendingBit                  0x0800236c   Section        0  stm32f10x_tim.o(i.TIM_ClearITPendingBit)
    i.TIM_Cmd                                0x08002372   Section        0  stm32f10x_tim.o(i.TIM_Cmd)
    i.TIM_CtrlPWMOutputs                     0x0800238a   Section        0  stm32f10x_tim.o(i.TIM_CtrlPWMOutputs)
    i.TIM_GetITStatus                        0x080023a8   Section        0  stm32f10x_tim.o(i.TIM_GetITStatus)
    i.TIM_ITConfig                           0x080023ca   Section        0  stm32f10x_tim.o(i.TIM_ITConfig)
    i.TIM_InternalClockConfig                0x080023dc   Section        0  stm32f10x_tim.o(i.TIM_InternalClockConfig)
    i.TIM_OC4Init                            0x080023e8   Section        0  stm32f10x_tim.o(i.TIM_OC4Init)
    i.TIM_OCStructInit                       0x08002464   Section        0  stm32f10x_tim.o(i.TIM_OCStructInit)
    i.TIM_SetCompare4                        0x08002478   Section        0  stm32f10x_tim.o(i.TIM_SetCompare4)
    i.TIM_SetCounter                         0x0800247e   Section        0  stm32f10x_tim.o(i.TIM_SetCounter)
    i.TIM_TimeBaseInit                       0x08002484   Section        0  stm32f10x_tim.o(i.TIM_TimeBaseInit)
    i.USART1_IRQHandler                      0x08002528   Section        0  serial.o(i.USART1_IRQHandler)
    i.USART2_IRQHandler                      0x080025bc   Section        0  usart3.o(i.USART2_IRQHandler)
    i.USART_ClearITPendingBit                0x08002670   Section        0  stm32f10x_usart.o(i.USART_ClearITPendingBit)
    i.USART_Cmd                              0x0800268e   Section        0  stm32f10x_usart.o(i.USART_Cmd)
    i.USART_GetFlagStatus                    0x080026a6   Section        0  stm32f10x_usart.o(i.USART_GetFlagStatus)
    i.USART_GetITStatus                      0x080026c0   Section        0  stm32f10x_usart.o(i.USART_GetITStatus)
    i.USART_ITConfig                         0x08002714   Section        0  stm32f10x_usart.o(i.USART_ITConfig)
    i.USART_Init                             0x08002760   Section        0  stm32f10x_usart.o(i.USART_Init)
    i.USART_ReceiveData                      0x08002838   Section        0  stm32f10x_usart.o(i.USART_ReceiveData)
    i.USART_SendData                         0x08002842   Section        0  stm32f10x_usart.o(i.USART_SendData)
    i.UsageFault_Handler                     0x0800284a   Section        0  stm32f10x_it.o(i.UsageFault_Handler)
    i.WriteRawRC                             0x08002850   Section        0  rc522.o(i.WriteRawRC)
    i.Write_IIC_Byte                         0x08002880   Section        0  oled_iic.o(i.Write_IIC_Byte)
    i.Write_IIC_Command                      0x080028d8   Section        0  oled_iic.o(i.Write_IIC_Command)
    i.Write_IIC_Data                         0x08002904   Section        0  oled_iic.o(i.Write_IIC_Data)
    i.__0printf                              0x08002930   Section        0  printfa.o(i.__0printf)
    i.__scatterload_copy                     0x08002950   Section       14  handlers.o(i.__scatterload_copy)
    i.__scatterload_null                     0x0800295e   Section        2  handlers.o(i.__scatterload_null)
    i.__scatterload_zeroinit                 0x08002960   Section       14  handlers.o(i.__scatterload_zeroinit)
    i._fp_digits                             0x08002970   Section        0  printfa.o(i._fp_digits)
    _fp_digits                               0x08002971   Thumb Code   366  printfa.o(i._fp_digits)
    i._printf_core                           0x08002af4   Section        0  printfa.o(i._printf_core)
    _printf_core                             0x08002af5   Thumb Code  1744  printfa.o(i._printf_core)
    i._printf_post_padding                   0x080031d0   Section        0  printfa.o(i._printf_post_padding)
    _printf_post_padding                     0x080031d1   Thumb Code    36  printfa.o(i._printf_post_padding)
    i._printf_pre_padding                    0x080031f4   Section        0  printfa.o(i._printf_pre_padding)
    _printf_pre_padding                      0x080031f5   Thumb Code    46  printfa.o(i._printf_pre_padding)
    i.data_key                               0x08003224   Section        0  keycode.o(i.data_key)
    i.fputc                                  0x080034e0   Section        0  usart3.o(i.fputc)
    i.main                                   0x080034f0   Section        0  main.o(i.main)
    i.oled_pow                               0x08003610   Section        0  oled_iic.o(i.oled_pow)
    i.usart3_init                            0x08003628   Section        0  usart3.o(i.usart3_init)
    .data                                    0x20000000   Section       20  stm32f10x_rcc.o(.data)
    APBAHBPrescTable                         0x20000000   Data          16  stm32f10x_rcc.o(.data)
    ADCPrescTable                            0x20000010   Data           4  stm32f10x_rcc.o(.data)
    .data                                    0x20000014   Section        7  serial.o(.data)
    RxState                                  0x20000019   Data           1  serial.o(.data)
    pRxPacket                                0x2000001a   Data           1  serial.o(.data)
    .data                                    0x2000001c   Section        2  usart3.o(.data)
    .data                                    0x20000020   Section     3900  oled_iic.o(.data)
    .data                                    0x20000f5c   Section        5  key1.o(.data)
    key_down                                 0x20000f60   Data           1  key1.o(.data)
    .data                                    0x20000f64   Section       52  keycode.o(.data)
    .data                                    0x20000f98   Section       19  main.o(.data)
    .data                                    0x20000fac   Section        4  stdout.o(.data)
    .bss                                     0x20000fb0   Section      800  usart3.o(.bss)
    STACK                                    0x200012d0   Section     1024  startup_stm32f10x_md.o(STACK)

    Global Symbols

    Symbol Name                              Value     Ov Type        Size  Object(Section)

    BuildAttributes$$THM_ISAv4$P$D$K$B$S$PE$A:L22UL41UL21$X:L11$S22US41US21$IEEE1$IW$USESV6$~STKCKD$USESV7$~SHL$OTIME$ROPI$EBA8$MICROLIB$REQ8$PRES8$EABIv2 0x00000000   Number         0  anon$$obj.o ABSOLUTE
    __ARM_use_no_argv                        0x00000000   Number         0  main.o ABSOLUTE
    _printf_a                                0x00000000   Number         0  stubs.o ABSOLUTE
    _printf_c                                0x00000000   Number         0  stubs.o ABSOLUTE
    _printf_charcount                        0x00000000   Number         0  stubs.o ABSOLUTE
    _printf_d                                0x00000000   Number         0  stubs.o ABSOLUTE
    _printf_e                                0x00000000   Number         0  stubs.o ABSOLUTE
    _printf_f                                0x00000000   Number         0  stubs.o ABSOLUTE
    _printf_flags                            0x00000000   Number         0  stubs.o ABSOLUTE
    _printf_fp_dec                           0x00000000   Number         0  stubs.o ABSOLUTE
    _printf_fp_hex                           0x00000000   Number         0  stubs.o ABSOLUTE
    _printf_g                                0x00000000   Number         0  stubs.o ABSOLUTE
    _printf_i                                0x00000000   Number         0  stubs.o ABSOLUTE
    _printf_int_dec                          0x00000000   Number         0  stubs.o ABSOLUTE
    _printf_l                                0x00000000   Number         0  stubs.o ABSOLUTE
    _printf_lc                               0x00000000   Number         0  stubs.o ABSOLUTE
    _printf_ll                               0x00000000   Number         0  stubs.o ABSOLUTE
    _printf_lld                              0x00000000   Number         0  stubs.o ABSOLUTE
    _printf_lli                              0x00000000   Number         0  stubs.o ABSOLUTE
    _printf_llo                              0x00000000   Number         0  stubs.o ABSOLUTE
    _printf_llu                              0x00000000   Number         0  stubs.o ABSOLUTE
    _printf_llx                              0x00000000   Number         0  stubs.o ABSOLUTE
    _printf_longlong_dec                     0x00000000   Number         0  stubs.o ABSOLUTE
    _printf_longlong_hex                     0x00000000   Number         0  stubs.o ABSOLUTE
    _printf_longlong_oct                     0x00000000   Number         0  stubs.o ABSOLUTE
    _printf_ls                               0x00000000   Number         0  stubs.o ABSOLUTE
    _printf_mbtowc                           0x00000000   Number         0  stubs.o ABSOLUTE
    _printf_n                                0x00000000   Number         0  stubs.o ABSOLUTE
    _printf_o                                0x00000000   Number         0  stubs.o ABSOLUTE
    _printf_p                                0x00000000   Number         0  stubs.o ABSOLUTE
    _printf_percent                          0x00000000   Number         0  stubs.o ABSOLUTE
    _printf_pre_padding                      0x00000000   Number         0  stubs.o ABSOLUTE
    _printf_return_value                     0x00000000   Number         0  stubs.o ABSOLUTE
    _printf_s                                0x00000000   Number         0  stubs.o ABSOLUTE
    _printf_sizespec                         0x00000000   Number         0  stubs.o ABSOLUTE
    _printf_str                              0x00000000   Number         0  stubs.o ABSOLUTE
    _printf_truncate_signed                  0x00000000   Number         0  stubs.o ABSOLUTE
    _printf_truncate_unsigned                0x00000000   Number         0  stubs.o ABSOLUTE
    _printf_u                                0x00000000   Number         0  stubs.o ABSOLUTE
    _printf_wc                               0x00000000   Number         0  stubs.o ABSOLUTE
    _printf_wctomb                           0x00000000   Number         0  stubs.o ABSOLUTE
    _printf_widthprec                        0x00000000   Number         0  stubs.o ABSOLUTE
    _printf_x                                0x00000000   Number         0  stubs.o ABSOLUTE
    __cpp_initialize__aeabi_                  - Undefined Weak Reference
    __cxa_finalize                            - Undefined Weak Reference
    _clock_init                               - Undefined Weak Reference
    _microlib_exit                            - Undefined Weak Reference
    __Vectors_Size                           0x000000ec   Number         0  startup_stm32f10x_md.o ABSOLUTE
    __Vectors                                0x08000000   Data           4  startup_stm32f10x_md.o(RESET)
    __Vectors_End                            0x080000ec   Data           0  startup_stm32f10x_md.o(RESET)
    __main                                   0x080000ed   Thumb Code     0  entry.o(.ARM.Collect$$$$00000000)
    _main_stk                                0x080000ed   Thumb Code     0  entry2.o(.ARM.Collect$$$$00000001)
    _main_scatterload                        0x080000f1   Thumb Code     0  entry5.o(.ARM.Collect$$$$00000004)
    __main_after_scatterload                 0x080000f5   Thumb Code     0  entry5.o(.ARM.Collect$$$$00000004)
    _main_clock                              0x080000f5   Thumb Code     0  entry7b.o(.ARM.Collect$$$$00000008)
    _main_cpp_init                           0x080000f5   Thumb Code     0  entry8b.o(.ARM.Collect$$$$0000000A)
    _main_init                               0x080000f5   Thumb Code     0  entry9a.o(.ARM.Collect$$$$0000000B)
    __rt_final_cpp                           0x080000fd   Thumb Code     0  entry10a.o(.ARM.Collect$$$$0000000D)
    __rt_final_exit                          0x080000fd   Thumb Code     0  entry11a.o(.ARM.Collect$$$$0000000F)
    Reset_Handler                            0x08000101   Thumb Code     8  startup_stm32f10x_md.o(.text)
    ADC1_2_IRQHandler                        0x0800011b   Thumb Code     0  startup_stm32f10x_md.o(.text)
    CAN1_RX1_IRQHandler                      0x0800011b   Thumb Code     0  startup_stm32f10x_md.o(.text)
    CAN1_SCE_IRQHandler                      0x0800011b   Thumb Code     0  startup_stm32f10x_md.o(.text)
    DMA1_Channel1_IRQHandler                 0x0800011b   Thumb Code     0  startup_stm32f10x_md.o(.text)
    DMA1_Channel2_IRQHandler                 0x0800011b   Thumb Code     0  startup_stm32f10x_md.o(.text)
    DMA1_Channel3_IRQHandler                 0x0800011b   Thumb Code     0  startup_stm32f10x_md.o(.text)
    DMA1_Channel4_IRQHandler                 0x0800011b   Thumb Code     0  startup_stm32f10x_md.o(.text)
    DMA1_Channel5_IRQHandler                 0x0800011b   Thumb Code     0  startup_stm32f10x_md.o(.text)
    DMA1_Channel6_IRQHandler                 0x0800011b   Thumb Code     0  startup_stm32f10x_md.o(.text)
    DMA1_Channel7_IRQHandler                 0x0800011b   Thumb Code     0  startup_stm32f10x_md.o(.text)
    EXTI0_IRQHandler                         0x0800011b   Thumb Code     0  startup_stm32f10x_md.o(.text)
    EXTI15_10_IRQHandler                     0x0800011b   Thumb Code     0  startup_stm32f10x_md.o(.text)
    EXTI1_IRQHandler                         0x0800011b   Thumb Code     0  startup_stm32f10x_md.o(.text)
    EXTI2_IRQHandler                         0x0800011b   Thumb Code     0  startup_stm32f10x_md.o(.text)
    EXTI3_IRQHandler                         0x0800011b   Thumb Code     0  startup_stm32f10x_md.o(.text)
    EXTI4_IRQHandler                         0x0800011b   Thumb Code     0  startup_stm32f10x_md.o(.text)
    EXTI9_5_IRQHandler                       0x0800011b   Thumb Code     0  startup_stm32f10x_md.o(.text)
    FLASH_IRQHandler                         0x0800011b   Thumb Code     0  startup_stm32f10x_md.o(.text)
    I2C1_ER_IRQHandler                       0x0800011b   Thumb Code     0  startup_stm32f10x_md.o(.text)
    I2C1_EV_IRQHandler                       0x0800011b   Thumb Code     0  startup_stm32f10x_md.o(.text)
    I2C2_ER_IRQHandler                       0x0800011b   Thumb Code     0  startup_stm32f10x_md.o(.text)
    I2C2_EV_IRQHandler                       0x0800011b   Thumb Code     0  startup_stm32f10x_md.o(.text)
    PVD_IRQHandler                           0x0800011b   Thumb Code     0  startup_stm32f10x_md.o(.text)
    RCC_IRQHandler                           0x0800011b   Thumb Code     0  startup_stm32f10x_md.o(.text)
    RTCAlarm_IRQHandler                      0x0800011b   Thumb Code     0  startup_stm32f10x_md.o(.text)
    RTC_IRQHandler                           0x0800011b   Thumb Code     0  startup_stm32f10x_md.o(.text)
    SPI1_IRQHandler                          0x0800011b   Thumb Code     0  startup_stm32f10x_md.o(.text)
    SPI2_IRQHandler                          0x0800011b   Thumb Code     0  startup_stm32f10x_md.o(.text)
    TAMPER_IRQHandler                        0x0800011b   Thumb Code     0  startup_stm32f10x_md.o(.text)
    TIM1_BRK_IRQHandler                      0x0800011b   Thumb Code     0  startup_stm32f10x_md.o(.text)
    TIM1_CC_IRQHandler                       0x0800011b   Thumb Code     0  startup_stm32f10x_md.o(.text)
    TIM1_TRG_COM_IRQHandler                  0x0800011b   Thumb Code     0  startup_stm32f10x_md.o(.text)
    TIM1_UP_IRQHandler                       0x0800011b   Thumb Code     0  startup_stm32f10x_md.o(.text)
    TIM3_IRQHandler                          0x0800011b   Thumb Code     0  startup_stm32f10x_md.o(.text)
    TIM4_IRQHandler                          0x0800011b   Thumb Code     0  startup_stm32f10x_md.o(.text)
    USART3_IRQHandler                        0x0800011b   Thumb Code     0  startup_stm32f10x_md.o(.text)
    USBWakeUp_IRQHandler                     0x0800011b   Thumb Code     0  startup_stm32f10x_md.o(.text)
    USB_HP_CAN1_TX_IRQHandler                0x0800011b   Thumb Code     0  startup_stm32f10x_md.o(.text)
    USB_LP_CAN1_RX0_IRQHandler               0x0800011b   Thumb Code     0  startup_stm32f10x_md.o(.text)
    WWDG_IRQHandler                          0x0800011b   Thumb Code     0  startup_stm32f10x_md.o(.text)
    strchr                                   0x08000125   Thumb Code    20  strchr.o(.text)
    __aeabi_fadd                             0x08000139   Thumb Code   164  fadd.o(.text)
    __aeabi_fsub                             0x080001dd   Thumb Code     6  fadd.o(.text)
    __aeabi_frsub                            0x080001e3   Thumb Code     6  fadd.o(.text)
    __aeabi_fmul                             0x080001e9   Thumb Code   100  fmul.o(.text)
    __aeabi_fdiv                             0x0800024d   Thumb Code   124  fdiv.o(.text)
    __aeabi_f2uiz                            0x080002c9   Thumb Code    40  ffixui.o(.text)
    __aeabi_uidiv                            0x080002f1   Thumb Code     0  uidiv.o(.text)
    __aeabi_uidivmod                         0x080002f1   Thumb Code    44  uidiv.o(.text)
    __aeabi_uldivmod                         0x0800031d   Thumb Code    98  uldiv.o(.text)
    __I$use$fp                               0x0800037f   Thumb Code     0  iusefp.o(.text)
    _float_round                             0x0800037f   Thumb Code    18  fepilogue.o(.text)
    _float_epilogue                          0x08000391   Thumb Code    92  fepilogue.o(.text)
    __aeabi_dadd                             0x080003ed   Thumb Code   322  dadd.o(.text)
    __aeabi_dsub                             0x0800052f   Thumb Code     6  dadd.o(.text)
    __aeabi_drsub                            0x08000535   Thumb Code     6  dadd.o(.text)
    __aeabi_dmul                             0x0800053b   Thumb Code   228  dmul.o(.text)
    __aeabi_ddiv                             0x0800061f   Thumb Code   222  ddiv.o(.text)
    __aeabi_d2ulz                            0x080006fd   Thumb Code    48  dfixul.o(.text)
    __aeabi_cdrcmple                         0x0800072d   Thumb Code    48  cdrcmple.o(.text)
    __scatterload                            0x0800075d   Thumb Code    28  init.o(.text)
    __scatterload_rt2                        0x0800075d   Thumb Code     0  init.o(.text)
    __aeabi_llsl                             0x08000781   Thumb Code    30  llshl.o(.text)
    _ll_shift_l                              0x08000781   Thumb Code     0  llshl.o(.text)
    __aeabi_llsr                             0x0800079f   Thumb Code    32  llushr.o(.text)
    _ll_ushift_r                             0x0800079f   Thumb Code     0  llushr.o(.text)
    __aeabi_lasr                             0x080007bf   Thumb Code    36  llsshr.o(.text)
    _ll_sshift_r                             0x080007bf   Thumb Code     0  llsshr.o(.text)
    _double_round                            0x080007e3   Thumb Code    30  depilogue.o(.text)
    _double_epilogue                         0x08000801   Thumb Code   156  depilogue.o(.text)
    __decompress                             0x0800089d   Thumb Code     0  __dclz77c.o(.text)
    __decompress2                            0x0800089d   Thumb Code    94  __dclz77c.o(.text)
    Beep_Init                                0x080008fd   Thumb Code    48  beep.o(i.Beep_Init)
    Beep_OFF                                 0x08000931   Thumb Code    14  beep.o(i.Beep_OFF)
    Beep_ON                                  0x08000945   Thumb Code    14  beep.o(i.Beep_ON)
    BluetoothTest2                           0x08000959   Thumb Code   188  main.o(i.BluetoothTest2)
    BusFault_Handler                         0x08000a5d   Thumb Code     4  stm32f10x_it.o(i.BusFault_Handler)
    ClearBitMask                             0x08000a61   Thumb Code    26  rc522.o(i.ClearBitMask)
    DebugMon_Handler                         0x08000a7b   Thumb Code     2  stm32f10x_it.o(i.DebugMon_Handler)
    Delay_ms                                 0x08000a7d   Thumb Code    24  delay.o(i.Delay_ms)
    Delay_us                                 0x08000a95   Thumb Code    46  delay.o(i.Delay_us)
    GB16_NUM                                 0x08000ac5   Thumb Code    18  oled_iic.o(i.GB16_NUM)
    GPIO_Init                                0x08000add   Thumb Code   278  stm32f10x_gpio.o(i.GPIO_Init)
    GPIO_ReadInputDataBit                    0x08000bf3   Thumb Code    18  stm32f10x_gpio.o(i.GPIO_ReadInputDataBit)
    GPIO_ResetBits                           0x08000c05   Thumb Code     4  stm32f10x_gpio.o(i.GPIO_ResetBits)
    GPIO_SetBits                             0x08000c09   Thumb Code     4  stm32f10x_gpio.o(i.GPIO_SetBits)
    HardFault_Handler                        0x08000c0d   Thumb Code     4  stm32f10x_it.o(i.HardFault_Handler)
    IIC_GPIO_Config                          0x08000c21   Thumb Code    60  oled_iic.o(i.IIC_GPIO_Config)
    IIC_Start                                0x08000c61   Thumb Code    42  oled_iic.o(i.IIC_Start)
    IIC_Stop                                 0x08000c95   Thumb Code    28  oled_iic.o(i.IIC_Stop)
    IIC_WaitAck                              0x08000cb9   Thumb Code    58  oled_iic.o(i.IIC_WaitAck)
    KeyCode_Init                             0x08000d01   Thumb Code    14  keycode.o(i.KeyCode_Init)
    LED1_OFF                                 0x08000d19   Thumb Code    12  led.o(i.LED1_OFF)
    LED1_ON                                  0x08000d29   Thumb Code    12  led.o(i.LED1_ON)
    LED2_OFF                                 0x08000d39   Thumb Code    14  led.o(i.LED2_OFF)
    LED2_ON                                  0x08000d4d   Thumb Code    14  led.o(i.LED2_ON)
    LED_Init                                 0x08000d61   Thumb Code    50  led.o(i.LED_Init)
    M500PcdConfigISOType                     0x08000d99   Thumb Code    84  rc522.o(i.M500PcdConfigISOType)
    Matrix_Key_Init                          0x08000ded   Thumb Code   262  key1.o(i.Matrix_Key_Init)
    Matrix_Key_Scan                          0x08000f01   Thumb Code  1048  key1.o(i.Matrix_Key_Scan)
    MemManage_Handler                        0x0800131d   Thumb Code     4  stm32f10x_it.o(i.MemManage_Handler)
    NMI_Handler                              0x08001321   Thumb Code     2  stm32f10x_it.o(i.NMI_Handler)
    NVIC_Init                                0x08001325   Thumb Code   100  misc.o(i.NVIC_Init)
    NVIC_PriorityGroupConfig                 0x08001395   Thumb Code    10  misc.o(i.NVIC_PriorityGroupConfig)
    OLED_Clear                               0x080013a9   Thumb Code    10  oled_iic.o(i.OLED_Clear)
    OLED_Fill                                0x080013b3   Thumb Code    58  oled_iic.o(i.OLED_Fill)
    OLED_Init                                0x080013ed   Thumb Code   170  oled_iic.o(i.OLED_Init)
    OLED_Set_Pos                             0x08001497   Thumb Code    46  oled_iic.o(i.OLED_Set_Pos)
    OLED_ShowCH                              0x080014c5   Thumb Code   284  oled_iic.o(i.OLED_ShowCH)
    OLED_ShowChar                            0x080015f5   Thumb Code   102  oled_iic.o(i.OLED_ShowChar)
    OLED_ShowHexNum                          0x08001661   Thumb Code    94  oled_iic.o(i.OLED_ShowHexNum)
    PWM_Init                                 0x080016c1   Thumb Code   150  pwm.o(i.PWM_Init)
    PWM_SetCompare4                          0x08001761   Thumb Code    14  pwm.o(i.PWM_SetCompare4)
    PcdAntennaOn                             0x08001775   Thumb Code    26  rc522.o(i.PcdAntennaOn)
    PcdAnticoll                              0x0800178f   Thumb Code   112  rc522.o(i.PcdAnticoll)
    PcdComMF522                              0x080017ff   Thumb Code   306  rc522.o(i.PcdComMF522)
    PcdRequest                               0x08001931   Thumb Code    84  rc522.o(i.PcdRequest)
    PcdReset                                 0x08001985   Thumb Code   124  rc522.o(i.PcdReset)
    PendSV_Handler                           0x08001a05   Thumb Code     2  stm32f10x_it.o(i.PendSV_Handler)
    RC522_Init                               0x08001a09   Thumb Code    34  rc522.o(i.RC522_Init)
    RC522_Test1                              0x08001a35   Thumb Code   342  main.o(i.RC522_Test1)
    RCC_APB1PeriphClockCmd                   0x08001be9   Thumb Code    26  stm32f10x_rcc.o(i.RCC_APB1PeriphClockCmd)
    RCC_APB2PeriphClockCmd                   0x08001c09   Thumb Code    26  stm32f10x_rcc.o(i.RCC_APB2PeriphClockCmd)
    RCC_GetClocksFreq                        0x08001c29   Thumb Code   192  stm32f10x_rcc.o(i.RCC_GetClocksFreq)
    ReadRawRC                                0x08001cfd   Thumb Code    46  rc522.o(i.ReadRawRC)
    SPI1_Init                                0x08001d31   Thumb Code   224  rc522.o(i.SPI1_Init)
    SPI_Cmd                                  0x08001e1d   Thumb Code    24  stm32f10x_spi.o(i.SPI_Cmd)
    SPI_Init                                 0x08001e35   Thumb Code    60  stm32f10x_spi.o(i.SPI_Init)
    SPI_RC522_ReadByte                       0x08001e71   Thumb Code    72  rc522.o(i.SPI_RC522_ReadByte)
    SPI_RC522_SendByte                       0x08001ebd   Thumb Code    80  rc522.o(i.SPI_RC522_SendByte)
    STMFLASH_Read                            0x08001f11   Thumb Code    34  flash.o(i.STMFLASH_Read)
    STMFLASH_ReadHalfWord                    0x08001f33   Thumb Code     6  flash.o(i.STMFLASH_ReadHalfWord)
    SVC_Handler                              0x08001f39   Thumb Code     2  stm32f10x_it.o(i.SVC_Handler)
    Serial_GetRxFlag                         0x08001f3d   Thumb Code    22  serial.o(i.Serial_GetRxFlag)
    Serial_Init                              0x08001f59   Thumb Code   174  serial.o(i.Serial_Init)
    Serial_SendByte1                         0x08002011   Thumb Code    28  usart3.o(i.Serial_SendByte1)
    Servo_Init                               0x08002031   Thumb Code     8  servo.o(i.Servo_Init)
    Servo_SetAngle                           0x08002039   Thumb Code    48  servo.o(i.Servo_SetAngle)
    SetBitMask                               0x08002075   Thumb Code    26  rc522.o(i.SetBitMask)
    ShowID                                   0x08002179   Thumb Code   170  rc522.o(i.ShowID)
    ShowMeau                                 0x08002231   Thumb Code    38  main.o(i.ShowMeau)
    SysTick_Handler                          0x0800227d   Thumb Code     2  stm32f10x_it.o(i.SysTick_Handler)
    SystemInit                               0x08002281   Thumb Code    78  system_stm32f10x.o(i.SystemInit)
    TIM2_IRQHandler                          0x080022e1   Thumb Code    44  timer.o(i.TIM2_IRQHandler)
    TIM2_Int_Init                            0x08002311   Thumb Code    92  timer.o(i.TIM2_Int_Init)
    TIM_ClearITPendingBit                    0x0800236d   Thumb Code     6  stm32f10x_tim.o(i.TIM_ClearITPendingBit)
    TIM_Cmd                                  0x08002373   Thumb Code    24  stm32f10x_tim.o(i.TIM_Cmd)
    TIM_CtrlPWMOutputs                       0x0800238b   Thumb Code    30  stm32f10x_tim.o(i.TIM_CtrlPWMOutputs)
    TIM_GetITStatus                          0x080023a9   Thumb Code    34  stm32f10x_tim.o(i.TIM_GetITStatus)
    TIM_ITConfig                             0x080023cb   Thumb Code    18  stm32f10x_tim.o(i.TIM_ITConfig)
    TIM_InternalClockConfig                  0x080023dd   Thumb Code    12  stm32f10x_tim.o(i.TIM_InternalClockConfig)
    TIM_OC4Init                              0x080023e9   Thumb Code   114  stm32f10x_tim.o(i.TIM_OC4Init)
    TIM_OCStructInit                         0x08002465   Thumb Code    20  stm32f10x_tim.o(i.TIM_OCStructInit)
    TIM_SetCompare4                          0x08002479   Thumb Code     6  stm32f10x_tim.o(i.TIM_SetCompare4)
    TIM_SetCounter                           0x0800247f   Thumb Code     4  stm32f10x_tim.o(i.TIM_SetCounter)
    TIM_TimeBaseInit                         0x08002485   Thumb Code   122  stm32f10x_tim.o(i.TIM_TimeBaseInit)
    USART1_IRQHandler                        0x08002529   Thumb Code   128  serial.o(i.USART1_IRQHandler)
    USART2_IRQHandler                        0x080025bd   Thumb Code   164  usart3.o(i.USART2_IRQHandler)
    USART_ClearITPendingBit                  0x08002671   Thumb Code    30  stm32f10x_usart.o(i.USART_ClearITPendingBit)
    USART_Cmd                                0x0800268f   Thumb Code    24  stm32f10x_usart.o(i.USART_Cmd)
    USART_GetFlagStatus                      0x080026a7   Thumb Code    26  stm32f10x_usart.o(i.USART_GetFlagStatus)
    USART_GetITStatus                        0x080026c1   Thumb Code    84  stm32f10x_usart.o(i.USART_GetITStatus)
    USART_ITConfig                           0x08002715   Thumb Code    74  stm32f10x_usart.o(i.USART_ITConfig)
    USART_Init                               0x08002761   Thumb Code   210  stm32f10x_usart.o(i.USART_Init)
    USART_ReceiveData                        0x08002839   Thumb Code    10  stm32f10x_usart.o(i.USART_ReceiveData)
    USART_SendData                           0x08002843   Thumb Code     8  stm32f10x_usart.o(i.USART_SendData)
    UsageFault_Handler                       0x0800284b   Thumb Code     4  stm32f10x_it.o(i.UsageFault_Handler)
    WriteRawRC                               0x08002851   Thumb Code    42  rc522.o(i.WriteRawRC)
    Write_IIC_Byte                           0x08002881   Thumb Code    80  oled_iic.o(i.Write_IIC_Byte)
    Write_IIC_Command                        0x080028d9   Thumb Code    44  oled_iic.o(i.Write_IIC_Command)
    Write_IIC_Data                           0x08002905   Thumb Code    44  oled_iic.o(i.Write_IIC_Data)
    __0printf                                0x08002931   Thumb Code    22  printfa.o(i.__0printf)
    __1printf                                0x08002931   Thumb Code     0  printfa.o(i.__0printf)
    __2printf                                0x08002931   Thumb Code     0  printfa.o(i.__0printf)
    __c89printf                              0x08002931   Thumb Code     0  printfa.o(i.__0printf)
    printf                                   0x08002931   Thumb Code     0  printfa.o(i.__0printf)
    __scatterload_copy                       0x08002951   Thumb Code    14  handlers.o(i.__scatterload_copy)
    __scatterload_null                       0x0800295f   Thumb Code     2  handlers.o(i.__scatterload_null)
    __scatterload_zeroinit                   0x08002961   Thumb Code    14  handlers.o(i.__scatterload_zeroinit)
    data_key                                 0x08003225   Thumb Code   588  keycode.o(i.data_key)
    fputc                                    0x080034e1   Thumb Code    16  usart3.o(i.fputc)
    main                                     0x080034f1   Thumb Code   228  main.o(i.main)
    oled_pow                                 0x08003611   Thumb Code    22  oled_iic.o(i.oled_pow)
    usart3_init                              0x08003629   Thumb Code   194  usart3.o(i.usart3_init)
    Region$$Table$$Base                      0x080036f8   Number         0  anon$$obj.o(Region$$Table)
    Region$$Table$$Limit                     0x08003718   Number         0  anon$$obj.o(Region$$Table)
    Serial_TxPacket                          0x20000014   Data           2  serial.o(.data)
    Serial_RxPacket                          0x20000016   Data           2  serial.o(.data)
    Serial_RxFlag                            0x20000018   Data           1  serial.o(.data)
    USART3_RX_STA                            0x2000001c   Data           2  usart3.o(.data)
    zf                                       0x20000020   Data        1520  oled_iic.o(.data)
    hz                                       0x20000610   Data        2144  oled_iic.o(.data)
    hz_index                                 0x20000e70   Data         135  oled_iic.o(.data)
    zf_index                                 0x20000ef7   Data          96  oled_iic.o(.data)
    HZ                                       0x20000f58   Data           4  oled_iic.o(.data)
    Y1                                       0x20000f5c   Data           1  key1.o(.data)
    Y2                                       0x20000f5d   Data           1  key1.o(.data)
    Y3                                       0x20000f5e   Data           1  key1.o(.data)
    Y4                                       0x20000f5f   Data           1  key1.o(.data)
    Password2                                0x20000f64   Data           7  keycode.o(.data)
    Password                                 0x20000f6b   Data           6  keycode.o(.data)
    flag                                     0x20000f71   Data           1  keycode.o(.data)
    Password1                                0x20000f72   Data           7  keycode.o(.data)
    Password_count                           0x20000f79   Data           1  keycode.o(.data)
    a_c                                      0x20000f7c   Data           4  keycode.o(.data)
    b_c                                      0x20000f80   Data           4  keycode.o(.data)
    c_c                                      0x20000f84   Data           4  keycode.o(.data)
    d_c                                      0x20000f88   Data           4  keycode.o(.data)
    KeyVal                                   0x20000f8c   Data           1  keycode.o(.data)
    flag_KeyVal                              0x20000f8d   Data           1  keycode.o(.data)
    flag_KeyVal1                             0x20000f8e   Data           1  keycode.o(.data)
    flag_key_data                            0x20000f90   Data           2  keycode.o(.data)
    flag_key                                 0x20000f94   Data           4  keycode.o(.data)
    MEAU                                     0x20000f98   Data           1  main.o(.data)
    Status                                   0x20000f99   Data           1  main.o(.data)
    CardType                                 0x20000f9a   Data           2  main.o(.data)
    Id                                       0x20000f9c   Data           4  main.o(.data)
    Card_0                                   0x20000fa0   Data           4  main.o(.data)
    Card_1                                   0x20000fa4   Data           4  main.o(.data)
    RxData                                   0x20000fa8   Data           1  main.o(.data)
    Blu                                      0x20000fa9   Data           2  main.o(.data)
    __stdout                                 0x20000fac   Data           4  stdout.o(.data)
    USART3_RX_BUF                            0x20000fb0   Data         400  usart3.o(.bss)
    USART3_TX_BUF                            0x20001140   Data         400  usart3.o(.bss)
    __initial_sp                             0x200016d0   Data           0  startup_stm32f10x_md.o(STACK)



==============================================================================

Memory Map of the image

  Image Entry point : 0x080000ed

  Load Region LR_IROM1 (Base: 0x08000000, Size: 0x000046c8, Max: 0x00010000, ABSOLUTE, COMPRESSED[0x00004260])

    Execution Region ER_IROM1 (Exec base: 0x08000000, Load base: 0x08000000, Size: 0x00003718, Max: 0x00010000, ABSOLUTE)

    Exec Addr    Load Addr    Size         Type   Attr      Idx    E Section Name        Object

    0x08000000   0x08000000   0x000000ec   Data   RO            3    RESET               startup_stm32f10x_md.o
    0x080000ec   0x080000ec   0x00000000   Code   RO         4216  * .ARM.Collect$$$$00000000  mc_w.l(entry.o)
    0x080000ec   0x080000ec   0x00000004   Code   RO         4494    .ARM.Collect$$$$00000001  mc_w.l(entry2.o)
    0x080000f0   0x080000f0   0x00000004   Code   RO         4497    .ARM.Collect$$$$00000004  mc_w.l(entry5.o)
    0x080000f4   0x080000f4   0x00000000   Code   RO         4499    .ARM.Collect$$$$00000008  mc_w.l(entry7b.o)
    0x080000f4   0x080000f4   0x00000000   Code   RO         4501    .ARM.Collect$$$$0000000A  mc_w.l(entry8b.o)
    0x080000f4   0x080000f4   0x00000008   Code   RO         4502    .ARM.Collect$$$$0000000B  mc_w.l(entry9a.o)
    0x080000fc   0x080000fc   0x00000000   Code   RO         4504    .ARM.Collect$$$$0000000D  mc_w.l(entry10a.o)
    0x080000fc   0x080000fc   0x00000000   Code   RO         4506    .ARM.Collect$$$$0000000F  mc_w.l(entry11a.o)
    0x080000fc   0x080000fc   0x00000004   Code   RO         4495    .ARM.Collect$$$$00002712  mc_w.l(entry2.o)
    0x08000100   0x08000100   0x00000024   Code   RO            4    .text               startup_stm32f10x_md.o
    0x08000124   0x08000124   0x00000014   Code   RO         4221    .text               mc_w.l(strchr.o)
    0x08000138   0x08000138   0x000000b0   Code   RO         4486    .text               mf_w.l(fadd.o)
    0x080001e8   0x080001e8   0x00000064   Code   RO         4488    .text               mf_w.l(fmul.o)
    0x0800024c   0x0800024c   0x0000007c   Code   RO         4490    .text               mf_w.l(fdiv.o)
    0x080002c8   0x080002c8   0x00000028   Code   RO         4492    .text               mf_w.l(ffixui.o)
    0x080002f0   0x080002f0   0x0000002c   Code   RO         4509    .text               mc_w.l(uidiv.o)
    0x0800031c   0x0800031c   0x00000062   Code   RO         4511    .text               mc_w.l(uldiv.o)
    0x0800037e   0x0800037e   0x00000000   Code   RO         4513    .text               mc_w.l(iusefp.o)
    0x0800037e   0x0800037e   0x0000006e   Code   RO         4514    .text               mf_w.l(fepilogue.o)
    0x080003ec   0x080003ec   0x0000014e   Code   RO         4516    .text               mf_w.l(dadd.o)
    0x0800053a   0x0800053a   0x000000e4   Code   RO         4518    .text               mf_w.l(dmul.o)
    0x0800061e   0x0800061e   0x000000de   Code   RO         4520    .text               mf_w.l(ddiv.o)
    0x080006fc   0x080006fc   0x00000030   Code   RO         4522    .text               mf_w.l(dfixul.o)
    0x0800072c   0x0800072c   0x00000030   Code   RO         4524    .text               mf_w.l(cdrcmple.o)
    0x0800075c   0x0800075c   0x00000024   Code   RO         4526    .text               mc_w.l(init.o)
    0x08000780   0x08000780   0x0000001e   Code   RO         4528    .text               mc_w.l(llshl.o)
    0x0800079e   0x0800079e   0x00000020   Code   RO         4530    .text               mc_w.l(llushr.o)
    0x080007be   0x080007be   0x00000024   Code   RO         4532    .text               mc_w.l(llsshr.o)
    0x080007e2   0x080007e2   0x000000ba   Code   RO         4534    .text               mf_w.l(depilogue.o)
    0x0800089c   0x0800089c   0x0000005e   Code   RO         4544    .text               mc_w.l(__dclz77c.o)
    0x080008fa   0x080008fa   0x00000002   PAD
    0x080008fc   0x080008fc   0x00000034   Code   RO         4061    i.Beep_Init         beep.o
    0x08000930   0x08000930   0x00000014   Code   RO         4062    i.Beep_OFF          beep.o
    0x08000944   0x08000944   0x00000014   Code   RO         4063    i.Beep_ON           beep.o
    0x08000958   0x08000958   0x00000104   Code   RO         4091    i.BluetoothTest2    main.o
    0x08000a5c   0x08000a5c   0x00000004   Code   RO         4153    i.BusFault_Handler  stm32f10x_it.o
    0x08000a60   0x08000a60   0x0000001a   Code   RO         3518    i.ClearBitMask      rc522.o
    0x08000a7a   0x08000a7a   0x00000002   Code   RO         4154    i.DebugMon_Handler  stm32f10x_it.o
    0x08000a7c   0x08000a7c   0x00000018   Code   RO         3196    i.Delay_ms          delay.o
    0x08000a94   0x08000a94   0x0000002e   Code   RO         3198    i.Delay_us          delay.o
    0x08000ac2   0x08000ac2   0x00000002   PAD
    0x08000ac4   0x08000ac4   0x00000018   Code   RO         3764    i.GB16_NUM          oled_iic.o
    0x08000adc   0x08000adc   0x00000116   Code   RO         1347    i.GPIO_Init         stm32f10x_gpio.o
    0x08000bf2   0x08000bf2   0x00000012   Code   RO         1351    i.GPIO_ReadInputDataBit  stm32f10x_gpio.o
    0x08000c04   0x08000c04   0x00000004   Code   RO         1354    i.GPIO_ResetBits    stm32f10x_gpio.o
    0x08000c08   0x08000c08   0x00000004   Code   RO         1355    i.GPIO_SetBits      stm32f10x_gpio.o
    0x08000c0c   0x08000c0c   0x00000004   Code   RO         4155    i.HardFault_Handler  stm32f10x_it.o
    0x08000c10   0x08000c10   0x0000000e   Code   RO         3765    i.IIC_Delay         oled_iic.o
    0x08000c1e   0x08000c1e   0x00000002   PAD
    0x08000c20   0x08000c20   0x00000040   Code   RO         3766    i.IIC_GPIO_Config   oled_iic.o
    0x08000c60   0x08000c60   0x00000034   Code   RO         3767    i.IIC_Start         oled_iic.o
    0x08000c94   0x08000c94   0x00000024   Code   RO         3768    i.IIC_Stop          oled_iic.o
    0x08000cb8   0x08000cb8   0x00000048   Code   RO         3769    i.IIC_WaitAck       oled_iic.o
    0x08000d00   0x08000d00   0x00000018   Code   RO         3942    i.KeyCode_Init      keycode.o
    0x08000d18   0x08000d18   0x00000010   Code   RO         3369    i.LED1_OFF          led.o
    0x08000d28   0x08000d28   0x00000010   Code   RO         3370    i.LED1_ON           led.o
    0x08000d38   0x08000d38   0x00000014   Code   RO         3372    i.LED2_OFF          led.o
    0x08000d4c   0x08000d4c   0x00000014   Code   RO         3373    i.LED2_ON           led.o
    0x08000d60   0x08000d60   0x00000038   Code   RO         3375    i.LED_Init          led.o
    0x08000d98   0x08000d98   0x00000054   Code   RO         3520    i.M500PcdConfigISOType  rc522.o
    0x08000dec   0x08000dec   0x00000114   Code   RO         3910    i.Matrix_Key_Init   key1.o
    0x08000f00   0x08000f00   0x0000041c   Code   RO         3911    i.Matrix_Key_Scan   key1.o
    0x0800131c   0x0800131c   0x00000004   Code   RO         4156    i.MemManage_Handler  stm32f10x_it.o
    0x08001320   0x08001320   0x00000002   Code   RO         4157    i.NMI_Handler       stm32f10x_it.o
    0x08001322   0x08001322   0x00000002   PAD
    0x08001324   0x08001324   0x00000070   Code   RO          137    i.NVIC_Init         misc.o
    0x08001394   0x08001394   0x00000014   Code   RO          138    i.NVIC_PriorityGroupConfig  misc.o
    0x080013a8   0x080013a8   0x0000000a   Code   RO         3770    i.OLED_Clear        oled_iic.o
    0x080013b2   0x080013b2   0x0000003a   Code   RO         3772    i.OLED_Fill         oled_iic.o
    0x080013ec   0x080013ec   0x000000aa   Code   RO         3773    i.OLED_Init         oled_iic.o
    0x08001496   0x08001496   0x0000002e   Code   RO         3776    i.OLED_Set_Pos      oled_iic.o
    0x080014c4   0x080014c4   0x00000130   Code   RO         3777    i.OLED_ShowCH       oled_iic.o
    0x080015f4   0x080015f4   0x0000006c   Code   RO         3778    i.OLED_ShowChar     oled_iic.o
    0x08001660   0x08001660   0x0000005e   Code   RO         3779    i.OLED_ShowHexNum   oled_iic.o
    0x080016be   0x080016be   0x00000002   PAD
    0x080016c0   0x080016c0   0x000000a0   Code   RO         4043    i.PWM_Init          pwm.o
    0x08001760   0x08001760   0x00000014   Code   RO         4044    i.PWM_SetCompare4   pwm.o
    0x08001774   0x08001774   0x0000001a   Code   RO         3522    i.PcdAntennaOn      rc522.o
    0x0800178e   0x0800178e   0x00000070   Code   RO         3523    i.PcdAnticoll       rc522.o
    0x080017fe   0x080017fe   0x00000132   Code   RO         3525    i.PcdComMF522       rc522.o
    0x08001930   0x08001930   0x00000054   Code   RO         3528    i.PcdRequest        rc522.o
    0x08001984   0x08001984   0x00000080   Code   RO         3529    i.PcdReset          rc522.o
    0x08001a04   0x08001a04   0x00000002   Code   RO         4158    i.PendSV_Handler    stm32f10x_it.o
    0x08001a06   0x08001a06   0x00000002   PAD
    0x08001a08   0x08001a08   0x0000002c   Code   RO         3534    i.RC522_Init        rc522.o
    0x08001a34   0x08001a34   0x000001b4   Code   RO         4092    i.RC522_Test1       main.o
    0x08001be8   0x08001be8   0x00000020   Code   RO         1775    i.RCC_APB1PeriphClockCmd  stm32f10x_rcc.o
    0x08001c08   0x08001c08   0x00000020   Code   RO         1777    i.RCC_APB2PeriphClockCmd  stm32f10x_rcc.o
    0x08001c28   0x08001c28   0x000000d4   Code   RO         1785    i.RCC_GetClocksFreq  stm32f10x_rcc.o
    0x08001cfc   0x08001cfc   0x00000034   Code   RO         3536    i.ReadRawRC         rc522.o
    0x08001d30   0x08001d30   0x000000ec   Code   RO         3537    i.SPI1_Init         rc522.o
    0x08001e1c   0x08001e1c   0x00000018   Code   RO         2263    i.SPI_Cmd           stm32f10x_spi.o
    0x08001e34   0x08001e34   0x0000003c   Code   RO         2276    i.SPI_Init          stm32f10x_spi.o
    0x08001e70   0x08001e70   0x0000004c   Code   RO         3538    i.SPI_RC522_ReadByte  rc522.o
    0x08001ebc   0x08001ebc   0x00000054   Code   RO         3539    i.SPI_RC522_SendByte  rc522.o
    0x08001f10   0x08001f10   0x00000022   Code   RO         3977    i.STMFLASH_Read     flash.o
    0x08001f32   0x08001f32   0x00000006   Code   RO         3978    i.STMFLASH_ReadHalfWord  flash.o
    0x08001f38   0x08001f38   0x00000002   Code   RO         4159    i.SVC_Handler       stm32f10x_it.o
    0x08001f3a   0x08001f3a   0x00000002   PAD
    0x08001f3c   0x08001f3c   0x0000001c   Code   RO         3438    i.Serial_GetRxFlag  serial.o
    0x08001f58   0x08001f58   0x000000b8   Code   RO         3439    i.Serial_Init       serial.o
    0x08002010   0x08002010   0x00000020   Code   RO         3705    i.Serial_SendByte1  usart3.o
    0x08002030   0x08002030   0x00000008   Code   RO         4025    i.Servo_Init        servo.o
    0x08002038   0x08002038   0x0000003c   Code   RO         4026    i.Servo_SetAngle    servo.o
    0x08002074   0x08002074   0x0000001a   Code   RO         3540    i.SetBitMask        rc522.o
    0x0800208e   0x0800208e   0x00000008   Code   RO           24    i.SetSysClock       system_stm32f10x.o
    0x08002096   0x08002096   0x00000002   PAD
    0x08002098   0x08002098   0x000000e0   Code   RO           25    i.SetSysClockTo72   system_stm32f10x.o
    0x08002178   0x08002178   0x000000b8   Code   RO         3541    i.ShowID            rc522.o
    0x08002230   0x08002230   0x0000004c   Code   RO         4093    i.ShowMeau          main.o
    0x0800227c   0x0800227c   0x00000002   Code   RO         4160    i.SysTick_Handler   stm32f10x_it.o
    0x0800227e   0x0800227e   0x00000002   PAD
    0x08002280   0x08002280   0x00000060   Code   RO           27    i.SystemInit        system_stm32f10x.o
    0x080022e0   0x080022e0   0x00000030   Code   RO         3220    i.TIM2_IRQHandler   timer.o
    0x08002310   0x08002310   0x0000005c   Code   RO         3221    i.TIM2_Int_Init     timer.o
    0x0800236c   0x0800236c   0x00000006   Code   RO         2416    i.TIM_ClearITPendingBit  stm32f10x_tim.o
    0x08002372   0x08002372   0x00000018   Code   RO         2421    i.TIM_Cmd           stm32f10x_tim.o
    0x0800238a   0x0800238a   0x0000001e   Code   RO         2423    i.TIM_CtrlPWMOutputs  stm32f10x_tim.o
    0x080023a8   0x080023a8   0x00000022   Code   RO         2442    i.TIM_GetITStatus   stm32f10x_tim.o
    0x080023ca   0x080023ca   0x00000012   Code   RO         2446    i.TIM_ITConfig      stm32f10x_tim.o
    0x080023dc   0x080023dc   0x0000000c   Code   RO         2448    i.TIM_InternalClockConfig  stm32f10x_tim.o
    0x080023e8   0x080023e8   0x0000007c   Code   RO         2465    i.TIM_OC4Init       stm32f10x_tim.o
    0x08002464   0x08002464   0x00000014   Code   RO         2468    i.TIM_OCStructInit  stm32f10x_tim.o
    0x08002478   0x08002478   0x00000006   Code   RO         2485    i.TIM_SetCompare4   stm32f10x_tim.o
    0x0800247e   0x0800247e   0x00000004   Code   RO         2486    i.TIM_SetCounter    stm32f10x_tim.o
    0x08002482   0x08002482   0x00000002   PAD
    0x08002484   0x08002484   0x000000a4   Code   RO         2492    i.TIM_TimeBaseInit  stm32f10x_tim.o
    0x08002528   0x08002528   0x00000094   Code   RO         3447    i.USART1_IRQHandler  serial.o
    0x080025bc   0x080025bc   0x000000b4   Code   RO         3706    i.USART2_IRQHandler  usart3.o
    0x08002670   0x08002670   0x0000001e   Code   RO         2957    i.USART_ClearITPendingBit  stm32f10x_usart.o
    0x0800268e   0x0800268e   0x00000018   Code   RO         2960    i.USART_Cmd         stm32f10x_usart.o
    0x080026a6   0x080026a6   0x0000001a   Code   RO         2963    i.USART_GetFlagStatus  stm32f10x_usart.o
    0x080026c0   0x080026c0   0x00000054   Code   RO         2964    i.USART_GetITStatus  stm32f10x_usart.o
    0x08002714   0x08002714   0x0000004a   Code   RO         2966    i.USART_ITConfig    stm32f10x_usart.o
    0x0800275e   0x0800275e   0x00000002   PAD
    0x08002760   0x08002760   0x000000d8   Code   RO         2967    i.USART_Init        stm32f10x_usart.o
    0x08002838   0x08002838   0x0000000a   Code   RO         2974    i.USART_ReceiveData  stm32f10x_usart.o
    0x08002842   0x08002842   0x00000008   Code   RO         2977    i.USART_SendData    stm32f10x_usart.o
    0x0800284a   0x0800284a   0x00000004   Code   RO         4161    i.UsageFault_Handler  stm32f10x_it.o
    0x0800284e   0x0800284e   0x00000002   PAD
    0x08002850   0x08002850   0x00000030   Code   RO         3543    i.WriteRawRC        rc522.o
    0x08002880   0x08002880   0x00000058   Code   RO         3781    i.Write_IIC_Byte    oled_iic.o
    0x080028d8   0x080028d8   0x0000002c   Code   RO         3782    i.Write_IIC_Command  oled_iic.o
    0x08002904   0x08002904   0x0000002c   Code   RO         3783    i.Write_IIC_Data    oled_iic.o
    0x08002930   0x08002930   0x00000020   Code   RO         4458    i.__0printf         mc_w.l(printfa.o)
    0x08002950   0x08002950   0x0000000e   Code   RO         4538    i.__scatterload_copy  mc_w.l(handlers.o)
    0x0800295e   0x0800295e   0x00000002   Code   RO         4539    i.__scatterload_null  mc_w.l(handlers.o)
    0x08002960   0x08002960   0x0000000e   Code   RO         4540    i.__scatterload_zeroinit  mc_w.l(handlers.o)
    0x0800296e   0x0800296e   0x00000002   PAD
    0x08002970   0x08002970   0x00000184   Code   RO         4465    i._fp_digits        mc_w.l(printfa.o)
    0x08002af4   0x08002af4   0x000006dc   Code   RO         4466    i._printf_core      mc_w.l(printfa.o)
    0x080031d0   0x080031d0   0x00000024   Code   RO         4467    i._printf_post_padding  mc_w.l(printfa.o)
    0x080031f4   0x080031f4   0x0000002e   Code   RO         4468    i._printf_pre_padding  mc_w.l(printfa.o)
    0x08003222   0x08003222   0x00000002   PAD
    0x08003224   0x08003224   0x000002bc   Code   RO         3943    i.data_key          keycode.o
    0x080034e0   0x080034e0   0x00000010   Code   RO         3707    i.fputc             usart3.o
    0x080034f0   0x080034f0   0x00000120   Code   RO         4094    i.main              main.o
    0x08003610   0x08003610   0x00000016   Code   RO         3784    i.oled_pow          oled_iic.o
    0x08003626   0x08003626   0x00000002   PAD
    0x08003628   0x08003628   0x000000d0   Code   RO         3708    i.usart3_init       usart3.o
    0x080036f8   0x080036f8   0x00000020   Data   RO         4536    Region$$Table       anon$$obj.o


    Execution Region RW_IRAM1 (Exec base: 0x20000000, Load base: 0x08003718, Size: 0x000016d0, Max: 0x00005000, ABSOLUTE, COMPRESSED[0x00000b48])

    Exec Addr    Load Addr    Size         Type   Attr      Idx    E Section Name        Object

    0x20000000   COMPRESSED   0x00000014   Data   RW         1805    .data               stm32f10x_rcc.o
    0x20000014   COMPRESSED   0x00000007   Data   RW         3448    .data               serial.o
    0x2000001b   COMPRESSED   0x00000001   PAD
    0x2000001c   COMPRESSED   0x00000002   Data   RW         3710    .data               usart3.o
    0x2000001e   COMPRESSED   0x00000002   PAD
    0x20000020   COMPRESSED   0x00000f3c   Data   RW         3785    .data               oled_iic.o
    0x20000f5c   COMPRESSED   0x00000005   Data   RW         3912    .data               key1.o
    0x20000f61   COMPRESSED   0x00000003   PAD
    0x20000f64   COMPRESSED   0x00000034   Data   RW         3944    .data               keycode.o
    0x20000f98   COMPRESSED   0x00000013   Data   RW         4095    .data               main.o
    0x20000fab   COMPRESSED   0x00000001   PAD
    0x20000fac   COMPRESSED   0x00000004   Data   RW         4508    .data               mc_w.l(stdout.o)
    0x20000fb0        -       0x00000320   Zero   RW         3709    .bss                usart3.o
    0x200012d0        -       0x00000400   Zero   RW            1    STACK               startup_stm32f10x_md.o


==============================================================================

Image component sizes


      Code (inc. data)   RO Data    RW Data    ZI Data      Debug   Object Name

        92         16          0          0          0       1261   beep.o
         0          0          0          0          0       4500   core_cm3.o
        70          0          0          0          0       1010   delay.o
        40          0          0          0          0       1568   flash.o
      1328         48          0          5          0       2038   key1.o
       724        122          0         52          0       2372   keycode.o
       128         26          0          0          0       2057   led.o
      1060        264          0         19          0       3199   main.o
       132         22          0          0          0     204963   misc.o
      1250         76          0       3900          0      10128   oled_iic.o
       180         16          0          0          0       1077   pwm.o
      1516         60          0          0          0       9395   rc522.o
       360         36          0          7          0       2389   serial.o
        68         12          0          0          0        894   servo.o
        36          8        236          0       1024        828   startup_stm32f10x_md.o
       304          0          0          0          0      12048   stm32f10x_gpio.o
        26          0          0          0          0       4126   stm32f10x_it.o
       276         32          0         20          0      13234   stm32f10x_rcc.o
        84          0          0          0          0       9061   stm32f10x_spi.o
       442         52          0          0          0      27337   stm32f10x_tim.o
       472          6          0          0          0      12907   stm32f10x_usart.o
       328         28          0          0          0      10757   system_stm32f10x.o
       140          4          0          0          0     245862   timer.o
       436         34          0          2        800       4781   usart3.o

    ----------------------------------------------------------------------
      9516        862        268       4012       1824     587792   Object Totals
         0          0         32          0          0          0   (incl. Generated)
        24          0          0          7          0          0   (incl. Padding)

    ----------------------------------------------------------------------

      Code (inc. data)   RO Data    RW Data    ZI Data      Debug   Library Member Name

        94          0          0          0          0          0   __dclz77c.o
         0          0          0          0          0          0   entry.o
         0          0          0          0          0          0   entry10a.o
         0          0          0          0          0          0   entry11a.o
         8          4          0          0          0          0   entry2.o
         4          0          0          0          0          0   entry5.o
         0          0          0          0          0          0   entry7b.o
         0          0          0          0          0          0   entry8b.o
         8          4          0          0          0          0   entry9a.o
        30          0          0          0          0          0   handlers.o
        36          8          0          0          0         68   init.o
         0          0          0          0          0          0   iusefp.o
        30          0          0          0          0         68   llshl.o
        36          0          0          0          0         68   llsshr.o
        32          0          0          0          0         68   llushr.o
      2258         90          0          0          0        452   printfa.o
         0          0          0          4          0          0   stdout.o
        20          0          0          0          0         68   strchr.o
        44          0          0          0          0         80   uidiv.o
        98          0          0          0          0         92   uldiv.o
        48          0          0          0          0         68   cdrcmple.o
       334          0          0          0          0        148   dadd.o
       222          0          0          0          0        100   ddiv.o
       186          0          0          0          0        176   depilogue.o
        48          0          0          0          0         68   dfixul.o
       228          0          0          0          0         96   dmul.o
       176          0          0          0          0        140   fadd.o
       124          0          0          0          0         88   fdiv.o
       110          0          0          0          0        168   fepilogue.o
        40          0          0          0          0         68   ffixui.o
       100          0          0          0          0         76   fmul.o

    ----------------------------------------------------------------------
      4320        106          0          4          0       2160   Library Totals
         6          0          0          0          0          0   (incl. Padding)

    ----------------------------------------------------------------------

      Code (inc. data)   RO Data    RW Data    ZI Data      Debug   Library Name

      2698        106          0          4          0        964   mc_w.l
      1616          0          0          0          0       1196   mf_w.l

    ----------------------------------------------------------------------
      4320        106          0          4          0       2160   Library Totals

    ----------------------------------------------------------------------

==============================================================================


      Code (inc. data)   RO Data    RW Data    ZI Data      Debug   

     13836        968        268       4016       1824     583736   Grand Totals
     13836        968        268       2888       1824     583736   ELF Image Totals (compressed)
     13836        968        268       2888          0          0   ROM Totals

==============================================================================

    Total RO  Size (Code + RO Data)                14104 (  13.77kB)
    Total RW  Size (RW Data + ZI Data)              5840 (   5.70kB)
    Total ROM Size (Code + RO Data + RW Data)      16992 (  16.59kB)

==============================================================================

